Archive member included because of file (symbol)

C:/Freescale/KSDK_1.2.0/lib/ksdk_platform_lib/kds/K64F12/debug/libksdk_platform.a(fsl_uart_hal.o)
                              ./Utilities/fsl_debug_console.o (UART_HAL_SetBaudRate)
C:/Freescale/KSDK_1.2.0/lib/ksdk_platform_lib/kds/K64F12/debug/libksdk_platform.a(fsl_gpio_driver.o)
                              ./Sources/main.o (GPIO_DRV_SetPinDir)
C:/Freescale/KSDK_1.2.0/lib/ksdk_platform_lib/kds/K64F12/debug/libksdk_platform.a(fsl_clock_MK64F12.o)
                              ./frdmk64f/board.o (CLOCK_SYS_SetConfiguration)
C:/Freescale/KSDK_1.2.0/lib/ksdk_platform_lib/kds/K64F12/debug/libksdk_platform.a(fsl_clock_manager.o)
                              C:/Freescale/KSDK_1.2.0/lib/ksdk_platform_lib/kds/K64F12/debug/libksdk_platform.a(fsl_clock_MK64F12.o) (CLOCK_SYS_SetMcgMode)
C:/Freescale/KSDK_1.2.0/lib/ksdk_platform_lib/kds/K64F12/debug/libksdk_platform.a(fsl_clock_manager_common.o)
                              C:/Freescale/KSDK_1.2.0/lib/ksdk_platform_lib/kds/K64F12/debug/libksdk_platform.a(fsl_clock_MK64F12.o) (g_oscBase)
C:/Freescale/KSDK_1.2.0/lib/ksdk_platform_lib/kds/K64F12/debug/libksdk_platform.a(fsl_os_abstraction_bm.o)
                              C:/Freescale/KSDK_1.2.0/lib/ksdk_platform_lib/kds/K64F12/debug/libksdk_platform.a(fsl_clock_manager.o) (OSA_EnterCritical)
C:/Freescale/KSDK_1.2.0/lib/ksdk_platform_lib/kds/K64F12/debug/libksdk_platform.a(fsl_sim_hal_MK64F12.o)
                              C:/Freescale/KSDK_1.2.0/lib/ksdk_platform_lib/kds/K64F12/debug/libksdk_platform.a(fsl_clock_MK64F12.o) (CLOCK_HAL_GetUsbfsDiv)
C:/Freescale/KSDK_1.2.0/lib/ksdk_platform_lib/kds/K64F12/debug/libksdk_platform.a(fsl_rtc_common.o)
                              C:/Freescale/KSDK_1.2.0/lib/ksdk_platform_lib/kds/K64F12/debug/libksdk_platform.a(fsl_clock_manager.o) (g_rtcBase)
C:/Freescale/KSDK_1.2.0/lib/ksdk_platform_lib/kds/K64F12/debug/libksdk_platform.a(fsl_osc_hal.o)
                              C:/Freescale/KSDK_1.2.0/lib/ksdk_platform_lib/kds/K64F12/debug/libksdk_platform.a(fsl_clock_manager.o) (OSC_HAL_SetCapacitor)
C:/Freescale/KSDK_1.2.0/lib/ksdk_platform_lib/kds/K64F12/debug/libksdk_platform.a(fsl_mcg_hal.o)
                              C:/Freescale/KSDK_1.2.0/lib/ksdk_platform_lib/kds/K64F12/debug/libksdk_platform.a(fsl_clock_MK64F12.o) (CLOCK_HAL_GetFllClk)
C:/Freescale/KSDK_1.2.0/lib/ksdk_platform_lib/kds/K64F12/debug/libksdk_platform.a(fsl_mcg_hal_modes.o)
                              C:/Freescale/KSDK_1.2.0/lib/ksdk_platform_lib/kds/K64F12/debug/libksdk_platform.a(fsl_clock_manager.o) (CLOCK_HAL_GetMcgMode)
C:/Freescale/KSDK_1.2.0/lib/ksdk_platform_lib/kds/K64F12/debug/libksdk_platform.a(fsl_lptmr_hal.o)
                              C:/Freescale/KSDK_1.2.0/lib/ksdk_platform_lib/kds/K64F12/debug/libksdk_platform.a(fsl_os_abstraction_bm.o) (LPTMR_HAL_SetTimerWorkingMode)
C:/Freescale/KSDK_1.2.0/lib/ksdk_platform_lib/kds/K64F12/debug/libksdk_platform.a(fsl_interrupt_manager.o)
                              C:/Freescale/KSDK_1.2.0/lib/ksdk_platform_lib/kds/K64F12/debug/libksdk_platform.a(fsl_os_abstraction_bm.o) (INT_SYS_InstallHandler)
C:/Freescale/KSDK_1.2.0/lib/ksdk_platform_lib/kds/K64F12/debug/libksdk_platform.a(fsl_gpio_hal.o)
                              C:/Freescale/KSDK_1.2.0/lib/ksdk_platform_lib/kds/K64F12/debug/libksdk_platform.a(fsl_gpio_driver.o) (GPIO_HAL_SetPinDir)
C:/Freescale/KSDK_1.2.0/lib/ksdk_platform_lib/kds/K64F12/debug/libksdk_platform.a(fsl_gpio_common.o)
                              C:/Freescale/KSDK_1.2.0/lib/ksdk_platform_lib/kds/K64F12/debug/libksdk_platform.a(fsl_gpio_driver.o) (g_portIrqId)
c:/freescale/kds_3.0.0/toolchain/bin/../lib/gcc/arm-none-eabi/4.8.4/../../../../arm-none-eabi/lib/armv7e-m/fpu\libg_s.a(lib_a-assert.o)
                              ./frdmk64f/board.o (__assert_func)
c:/freescale/kds_3.0.0/toolchain/bin/../lib/gcc/arm-none-eabi/4.8.4/../../../../arm-none-eabi/lib/armv7e-m/fpu\libg_s.a(lib_a-calloc.o)
                              C:/Freescale/KSDK_1.2.0/lib/ksdk_platform_lib/kds/K64F12/debug/libksdk_platform.a(fsl_os_abstraction_bm.o) (calloc)
c:/freescale/kds_3.0.0/toolchain/bin/../lib/gcc/arm-none-eabi/4.8.4/../../../../arm-none-eabi/lib/armv7e-m/fpu\libg_s.a(lib_a-exit.o)
                              c:/freescale/kds_3.0.0/toolchain/bin/../lib/gcc/arm-none-eabi/4.8.4/../../../../arm-none-eabi/lib/armv7e-m/fpu/crt0.o (exit)
c:/freescale/kds_3.0.0/toolchain/bin/../lib/gcc/arm-none-eabi/4.8.4/../../../../arm-none-eabi/lib/armv7e-m/fpu\libg_s.a(lib_a-fprintf.o)
                              c:/freescale/kds_3.0.0/toolchain/bin/../lib/gcc/arm-none-eabi/4.8.4/../../../../arm-none-eabi/lib/armv7e-m/fpu\libg_s.a(lib_a-assert.o) (fiprintf)
c:/freescale/kds_3.0.0/toolchain/bin/../lib/gcc/arm-none-eabi/4.8.4/../../../../arm-none-eabi/lib/armv7e-m/fpu\libg_s.a(lib_a-impure.o)
[...]
Memory Configuration

Name             Origin             Length             Attributes
m_interrupts     0x00000000         0x00000400         xr
m_flash_config   0x00000400         0x00000010         xr
m_text           0x00000410         0x000ffbf0         xr
m_data           0x1fff0000         0x00010000         rw
m_data_2         0x20000000         0x00030000         rw
*default*        0x00000000         0xffffffff

Linker script and memory map

LOAD c:/freescale/kds_3.0.0/toolchain/bin/../lib/gcc/arm-none-eabi/4.8.4/armv7e-m/fpu/crti.o
LOAD c:/freescale/kds_3.0.0/toolchain/bin/../lib/gcc/arm-none-eabi/4.8.4/armv7e-m/fpu/crtbegin.o
LOAD c:/freescale/kds_3.0.0/toolchain/bin/../lib/gcc/arm-none-eabi/4.8.4/../../../../arm-none-eabi/lib/armv7e-m/fpu/crt0.o
LOAD ./frdmk64f/board.o
LOAD ./frdmk64f/gpio_pins.o
LOAD ./frdmk64f/hardware_init.o
LOAD ./frdmk64f/pin_mux.o
LOAD ./Utilities/fsl_debug_console.o
LOAD ./Utilities/print_scan.o
LOAD ./Sources/main.o
LOAD ./Project_Settings/Startup_Code/startup.o
LOAD ./Project_Settings/Startup_Code/startup_MK64F12.o
LOAD ./Project_Settings/Startup_Code/system_MK64F12.o
LOAD C:/Freescale/KSDK_1.2.0/lib/ksdk_platform_lib/kds/K64F12/debug/libksdk_platform.a
LOAD c:/freescale/kds_3.0.0/toolchain/bin/../lib/gcc/arm-none-eabi/4.8.4/../../../../arm-none-eabi/lib/armv7e-m/fpu\libstdc++_s.a
LOAD c:/freescale/kds_3.0.0/toolchain/bin/../lib/gcc/arm-none-eabi/4.8.4/../../../../arm-none-eabi/lib/armv7e-m/fpu\libm.a
START GROUP
LOAD c:/freescale/kds_3.0.0/toolchain/bin/../lib/gcc/arm-none-eabi/4.8.4/armv7e-m/fpu\libgcc.a
LOAD c:/freescale/kds_3.0.0/toolchain/bin/../lib/gcc/arm-none-eabi/4.8.4/../../../../arm-none-eabi/lib/armv7e-m/fpu\libg_s.a
LOAD c:/freescale/kds_3.0.0/toolchain/bin/../lib/gcc/arm-none-eabi/4.8.4/../../../../arm-none-eabi/lib/armv7e-m/fpu\libc_s.a
END GROUP
START GROUP
LOAD c:/freescale/kds_3.0.0/toolchain/bin/../lib/gcc/arm-none-eabi/4.8.4/armv7e-m/fpu\libgcc.a
LOAD c:/freescale/kds_3.0.0/toolchain/bin/../lib/gcc/arm-none-eabi/4.8.4/../../../../arm-none-eabi/lib/armv7e-m/fpu\libc_s.a
LOAD c:/freescale/kds_3.0.0/toolchain/bin/../lib/gcc/arm-none-eabi/4.8.4/../../../../arm-none-eabi/lib/armv7e-m/fpu\libnosys.a
END GROUP
START GROUP
LOAD c:/freescale/kds_3.0.0/toolchain/bin/../lib/gcc/arm-none-eabi/4.8.4/armv7e-m/fpu\libgcc.a
LOAD c:/freescale/kds_3.0.0/toolchain/bin/../lib/gcc/arm-none-eabi/4.8.4/../../../../arm-none-eabi/lib/armv7e-m/fpu\libc_s.a
LOAD c:/freescale/kds_3.0.0/toolchain/bin/../lib/gcc/arm-none-eabi/4.8.4/../../../../arm-none-eabi/lib/armv7e-m/fpu\libnosys.a
END GROUP
LOAD c:/freescale/kds_3.0.0/toolchain/bin/../lib/gcc/arm-none-eabi/4.8.4/armv7e-m/fpu/crtend.o
LOAD c:/freescale/kds_3.0.0/toolchain/bin/../lib/gcc/arm-none-eabi/4.8.4/armv7e-m/fpu/crtn.o
                0x00000400                HEAP_SIZE = DEFINED (__heap_size__)?__heap_size__:0x400
                0x00000400                STACK_SIZE = DEFINED (__stack_size__)?__stack_size__:0x400
                0x00000000                M_VECTOR_RAM_SIZE = DEFINED (__ram_vector_table__)?0x400:0x0

.interrupts     0x00000000      0x400
                0x00000000                __VECTOR_TABLE = .
                0x00000000                . = ALIGN (0x4)
 *(.isr_vector)
 .isr_vector    0x00000000      0x400 ./Project_Settings/Startup_Code/startup_MK64F12.o
                0x00000000                __isr_vector
                0x00000400                . = ALIGN (0x4)

.flash_config   0x00000400       0x10
                0x00000400                . = ALIGN (0x4)
 *(.FlashConfig)
 .FlashConfig   0x00000400       0x10 ./Project_Settings/Startup_Code/startup_MK64F12.o
                0x00000410                . = ALIGN (0x4)

.text           0x00000410     0x34f0
                0x00000410                . = ALIGN (0x4)
 *(.text)
 .text          0x00000410       0x54 c:/freescale/kds_3.0.0/toolchain/bin/../lib/gcc/arm-none-eabi/4.8.4/armv7e-m/fpu/crtbegin.o
 .text          0x00000464       0x74 c:/freescale/kds_3.0.0/toolchain/bin/../lib/gcc/arm-none-eabi/4.8.4/../../../../arm-none-eabi/lib/armv7e-m/fpu/crt0.o
                0x00000464                _start
                0x00000464                _mainCRTStartup
 .text          0x000004d8       0x14 ./Project_Settings/Startup_Code/startup_MK64F12.o
                0x000004d8                Reset_Handler
                0x000004e8                DebugMon_Handler
                0x000004e8                I2C0_IRQHandler
                0x000004e8                HardFault_Handler
                0x000004e8                SysTick_Handler
                0x000004e8                UART3_RX_TX_IRQHandler
                0x000004e8                PendSV_Handler
                0x000004e8                NMI_Handler
                0x000004e8                UART0_RX_TX_IRQHandler
                0x000004e8                I2C1_IRQHandler
                0x000004e8                DMA2_IRQHandler
                0x000004e8                ENET_Error_IRQHandler
                0x000004e8                CAN0_Tx_Warning_IRQHandler
                0x000004e8                PIT0_IRQHandler
                0x000004e8                CAN0_ORed_Message_buffer_IRQHandler
                0x000004e8                CMP2_IRQHandler
                0x000004e8                LLWU_IRQHandler
                0x000004e8                ENET_Receive_IRQHandler
                0x000004e8                ENET_1588_Timer_IRQHandler
                0x000004e8                UART2_RX_TX_IRQHandler
                0x000004e8                SWI_IRQHandler
                0x000004e8                ADC0_IRQHandler
                0x000004e8                UsageFault_Handler
                0x000004e8                I2S0_Tx_IRQHandler
                0x000004e8                CMT_IRQHandler
                0x000004e8                UART4_RX_TX_IRQHandler
                0x000004e8                SPI1_IRQHandler
                0x000004e8                DefaultISR
                0x000004e8                DMA9_IRQHandler
                0x000004e8                DMA14_IRQHandler
                0x000004e8                CMP1_IRQHandler
                0x000004e8                Reserved71_IRQHandler
                0x000004e8                PORTD_IRQHandler
                0x000004e8                PORTB_IRQHandler
                0x000004e8                UART4_ERR_IRQHandler
                0x000004e8                ADC1_IRQHandler
                0x000004e8                I2C2_IRQHandler
                0x000004e8                PIT2_IRQHandler
                0x000004e8                I2S0_Rx_IRQHandler
                0x000004e8                DMA5_IRQHandler
                0x000004e8                RTC_IRQHandler
                0x000004e8                PDB0_IRQHandler
                0x000004e8                CAN0_Rx_Warning_IRQHandler
                0x000004e8                FTM1_IRQHandler
                0x000004e8                UART5_RX_TX_IRQHandler
                0x000004e8                UART3_ERR_IRQHandler
                0x000004e8                PIT3_IRQHandler
                0x000004e8                SDHC_IRQHandler
                0x000004e8                RTC_Seconds_IRQHandler
                0x000004e8                MCG_IRQHandler
                0x000004e8                FTFE_IRQHandler
                0x000004e8                UART2_ERR_IRQHandler
                0x000004e8                DMA11_IRQHandler
                0x000004e8                UART5_ERR_IRQHandler
                0x000004e8                Read_Collision_IRQHandler
                0x000004e8                DMA7_IRQHandler
                0x000004e8                ENET_Transmit_IRQHandler
                0x000004e8                USBDCD_IRQHandler
                0x000004e8                USB0_IRQHandler
                0x000004e8                SPI2_IRQHandler
                0x000004e8                WDOG_EWM_IRQHandler
                0x000004e8                MemManage_Handler
                0x000004e8                SVC_Handler
                0x000004e8                DMA13_IRQHandler
                0x000004e8                DMA3_IRQHandler
                0x000004e8                UART0_LON_IRQHandler
                0x000004e8                RNG_IRQHandler
                0x000004e8                DMA0_IRQHandler
                0x000004e8                DMA15_IRQHandler
                0x000004e8                DAC0_IRQHandler
                0x000004e8                CAN0_Error_IRQHandler
                0x000004e8                DMA4_IRQHandler
                0x000004e8                PIT1_IRQHandler
                0x000004e8                UART0_ERR_IRQHandler
                0x000004e8                DMA_Error_IRQHandler
                0x000004e8                LVD_LVW_IRQHandler
                0x000004e8                SPI0_IRQHandler
                0x000004e8                FTM0_IRQHandler
                0x000004e8                PORTA_IRQHandler
                0x000004e8                DAC1_IRQHandler
                0x000004e8                MCM_IRQHandler
                0x000004e8                DMA12_IRQHandler
                0x000004e8                CAN0_Bus_Off_IRQHandler
                0x000004e8                FTM3_IRQHandler
                0x000004e8                PORTE_IRQHandler
                0x000004e8                FTM2_IRQHandler
                0x000004e8                LPTMR0_IRQHandler
                0x000004e8                BusFault_Handler
                0x000004e8                DMA8_IRQHandler
                0x000004e8                DMA10_IRQHandler
                0x000004e8                CAN0_Wake_Up_IRQHandler
                0x000004e8                UART1_ERR_IRQHandler
                0x000004e8                UART1_RX_TX_IRQHandler
                0x000004e8                CMP0_IRQHandler
                0x000004e8                PORTC_IRQHandler
                0x000004e8                DMA6_IRQHandler
                0x000004e8                DMA1_IRQHandler
 *(.text*)
 .text.PORT_HAL_SetMuxMode
                0x000004ec       0x58 ./frdmk64f/board.o
 .text.SMC_HAL_SetProtection
                0x00000544       0x1c ./frdmk64f/board.o
 .text.BOARD_InitOsc0
                0x00000560       0x3c ./frdmk64f/board.o
                0x00000560                BOARD_InitOsc0
 .text.BOARD_InitRtcOsc
                0x0000059c       0x24 ./frdmk64f/board.o
                0x0000059c                BOARD_InitRtcOsc
 .text.BOARD_ClockInit
                0x000005c0       0x34 ./frdmk64f/board.o
                0x000005c0                BOARD_ClockInit
 .text.dbg_uart_init
                0x000005f4       0x18 ./frdmk64f/board.o
                0x000005f4                dbg_uart_init
 .text.hardware_init
                0x0000060c       0x20 ./frdmk64f/hardware_init.o
                0x0000060c                hardware_init
 .text.PORT_HAL_SetPullMode
                0x0000062c       0x44 ./frdmk64f/pin_mux.o
 .text.PORT_HAL_SetPullCmd
                0x00000670       0x48 ./frdmk64f/pin_mux.o
 .text.PORT_HAL_SetSlewRateMode
                0x000006b8       0x48 ./frdmk64f/pin_mux.o
 .text.PORT_HAL_SetPassiveFilterCmd
                0x00000700       0x48 ./frdmk64f/pin_mux.o
 .text.PORT_HAL_SetDriveStrengthMode
                0x00000748       0x48 ./frdmk64f/pin_mux.o
 .text.PORT_HAL_SetMuxMode
                0x00000790       0x58 ./frdmk64f/pin_mux.o
 .text.configure_gpio_pins
                0x000007e8      0x134 ./frdmk64f/pin_mux.o
                0x000007e8                configure_gpio_pins
 .text.configure_uart_pins
                0x0000091c       0x50 ./frdmk64f/pin_mux.o
                0x0000091c                configure_uart_pins
 .text.UART_HAL_EnableTransmitter
                0x0000096c       0x24 ./Utilities/fsl_debug_console.o
 .text.UART_HAL_EnableReceiver
                0x00000990       0x24 ./Utilities/fsl_debug_console.o
 .text.UART_HAL_SetBitCountPerChar
                0x000009b4       0x28 ./Utilities/fsl_debug_console.o
 .text.UART_HAL_SetStopBitCount
                0x000009dc       0x24 ./Utilities/fsl_debug_console.o
 .text.DbgConsole_Init
                0x00000a00       0xc8 ./Utilities/fsl_debug_console.o
                0x00000a00                DbgConsole_Init
 .text._write   0x00000ac8       0x58 ./Utilities/fsl_debug_console.o
                0x00000ac8                _write
 .text._read    0x00000b20       0x44 ./Utilities/fsl_debug_console.o
                0x00000b20                _read
 .text.debug_printf
                0x00000b64       0x48 ./Utilities/fsl_debug_console.o
                0x00000b64                debug_printf
 .text.debug_putc
                0x00000bac       0x40 ./Utilities/fsl_debug_console.o
 .text.debug_getchar
                0x00000bec       0x34 ./Utilities/fsl_debug_console.o
                0x00000bec                debug_getchar
 .text._doprint
                0x00000c20      0x754 ./Utilities/print_scan.o
                0x00000c20                _doprint
 .text.mknumstr
                0x00001374      0x110 ./Utilities/print_scan.o
 .text.fput_pad
                0x00001484       0x40 ./Utilities/print_scan.o
 .text.main     0x000014c4      0x1dc ./Sources/main.o
                0x000014c4                main
 .text.init_data_bss
                0x000016a0       0xcc ./Project_Settings/Startup_Code/startup.o
                0x000016a0                init_data_bss
 .text.SystemInit
                0x0000176c       0x3c ./Project_Settings/Startup_Code/system_MK64F12.o
                0x0000176c                SystemInit
 .text.UART_HAL_SetBaudRate
                0x000017a8       0x42 C:/Freescale/KSDK_1.2.0/lib/ksdk_platform_lib/kds/K64F12/debug/libksdk_platform.a(fsl_uart_hal.o)
                0x000017a8                UART_HAL_SetBaudRate
 .text.UART_HAL_SetParityMode
                0x000017ea       0x14 C:/Freescale/KSDK_1.2.0/lib/ksdk_platform_lib/kds/K64F12/debug/libksdk_platform.a(fsl_uart_hal.o)
                0x000017ea                UART_HAL_SetParityMode
 .text.UART_HAL_SendDataPolling
                0x000017fe       0x22 C:/Freescale/KSDK_1.2.0/lib/ksdk_platform_lib/kds/K64F12/debug/libksdk_platform.a(fsl_uart_hal.o)
                0x000017fe                UART_HAL_SendDataPolling
 .text.UART_HAL_ReceiveDataPolling
                0x00001820       0x3a C:/Freescale/KSDK_1.2.0/lib/ksdk_platform_lib/kds/K64F12/debug/libksdk_platform.a(fsl_uart_hal.o)
                0x00001820                UART_HAL_ReceiveDataPolling
 *fill*         0x0000185a        0x2 
 .text.GPIO_DRV_SetPinDir
                0x0000185c       0x18 C:/Freescale/KSDK_1.2.0/lib/ksdk_platform_lib/kds/K64F12/debug/libksdk_platform.a(fsl_gpio_driver.o)
                0x0000185c                GPIO_DRV_SetPinDir
 .text.GPIO_DRV_WritePinOutput
                0x00001874       0x18 C:/Freescale/KSDK_1.2.0/lib/ksdk_platform_lib/kds/K64F12/debug/libksdk_platform.a(fsl_gpio_driver.o)
                0x00001874                GPIO_DRV_WritePinOutput
 .text.SIM_HAL_EnableClock.constprop.12
                0x0000188c       0x10 C:/Freescale/KSDK_1.2.0/lib/ksdk_platform_lib/kds/K64F12/debug/libksdk_platform.a(fsl_clock_MK64F12.o)
 .text.CLOCK_SYS_GetCoreClockFreq
                0x0000189c       0x24 C:/Freescale/KSDK_1.2.0/lib/ksdk_platform_lib/kds/K64F12/debug/libksdk_platform.a(fsl_clock_MK64F12.o)
                0x0000189c                CLOCK_SYS_GetCoreClockFreq
 .text.CLOCK_SYS_SetConfiguration
                0x000018c0       0x94 C:/Freescale/KSDK_1.2.0/lib/ksdk_platform_lib/kds/K64F12/debug/libksdk_platform.a(fsl_clock_MK64F12.o)
                0x000018c0                CLOCK_SYS_SetConfiguration
 .text.CLOCK_SYS_FllStableDelay
                0x00001954       0x1a C:/Freescale/KSDK_1.2.0/lib/ksdk_platform_lib/kds/K64F12/debug/libksdk_platform.a(fsl_clock_MK64F12.o)
 *fill*         0x0000196e        0x2 
 .text.CLOCK_SYS_GetSystemClockFreq
                0x00001970       0x24 C:/Freescale/KSDK_1.2.0/lib/ksdk_platform_lib/kds/K64F12/debug/libksdk_platform.a(fsl_clock_MK64F12.o)
                0x00001970                CLOCK_SYS_GetSystemClockFreq
 .text.CLOCK_SYS_GetBusClockFreq
                0x00001994       0x24 C:/Freescale/KSDK_1.2.0/lib/ksdk_platform_lib/kds/K64F12/debug/libksdk_platform.a(fsl_clock_MK64F12.o)
                0x00001994                CLOCK_SYS_GetBusClockFreq
 .text.CLOCK_SYS_GetUartFreq
                0x000019b8       0x1a C:/Freescale/KSDK_1.2.0/lib/ksdk_platform_lib/kds/K64F12/debug/libksdk_platform.a(fsl_clock_MK64F12.o)
                0x000019b8                CLOCK_SYS_GetUartFreq
 *fill*         0x000019d2        0x2 
 .text.CLOCK_SYS_EnablePortClock
                0x000019d4       0x30 C:/Freescale/KSDK_1.2.0/lib/ksdk_platform_lib/kds/K64F12/debug/libksdk_platform.a(fsl_clock_MK64F12.o)
                0x000019d4                CLOCK_SYS_EnablePortClock
 .text.CLOCK_SYS_EnableUartClock
                0x00001a04       0x30 C:/Freescale/KSDK_1.2.0/lib/ksdk_platform_lib/kds/K64F12/debug/libksdk_platform.a(fsl_clock_MK64F12.o)
                0x00001a04                CLOCK_SYS_EnableUartClock
 .text.CLOCK_SYS_SetMcgPeeToFbe
                0x00001a34       0x38 C:/Freescale/KSDK_1.2.0/lib/ksdk_platform_lib/kds/K64F12/debug/libksdk_platform.a(fsl_clock_manager.o)
 .text.CLOCK_SYS_SetMcgMode
                0x00001a6c      0x12c C:/Freescale/KSDK_1.2.0/lib/ksdk_platform_lib/kds/K64F12/debug/libksdk_platform.a(fsl_clock_manager.o)
                0x00001a6c                CLOCK_SYS_SetMcgMode
 .text.CLOCK_SYS_SetOscerConfigration
                0x00001b98       0x1c C:/Freescale/KSDK_1.2.0/lib/ksdk_platform_lib/kds/K64F12/debug/libksdk_platform.a(fsl_clock_manager.o)
                0x00001b98                CLOCK_SYS_SetOscerConfigration
 .text.CLOCK_SYS_OscInit
                0x00001bb4       0x98 C:/Freescale/KSDK_1.2.0/lib/ksdk_platform_lib/kds/K64F12/debug/libksdk_platform.a(fsl_clock_manager.o)
                0x00001bb4                CLOCK_SYS_OscInit
 .text.CLOCK_SYS_RtcOscInit
                0x00001c4c       0x68 C:/Freescale/KSDK_1.2.0/lib/ksdk_platform_lib/kds/K64F12/debug/libksdk_platform.a(fsl_clock_manager.o)
                0x00001c4c                CLOCK_SYS_RtcOscInit
 .text.CLOCK_HAL_SetOutDiv
                0x00001cb4       0x28 C:/Freescale/KSDK_1.2.0/lib/ksdk_platform_lib/kds/K64F12/debug/libksdk_platform.a(fsl_sim_hal_MK64F12.o)
                0x00001cb4                CLOCK_HAL_SetOutDiv
 .text.OSC_HAL_SetCapacitor
                0x00001cdc        0xe C:/Freescale/KSDK_1.2.0/lib/ksdk_platform_lib/kds/K64F12/debug/libksdk_platform.a(fsl_osc_hal.o)
                0x00001cdc                OSC_HAL_SetCapacitor
 *fill*         0x00001cea        0x2 
 .text.CLOCK_HAL_TestOscFreq
                0x00001cec       0x28 C:/Freescale/KSDK_1.2.0/lib/ksdk_platform_lib/kds/K64F12/debug/libksdk_platform.a(fsl_mcg_hal.o)
                0x00001cec                CLOCK_HAL_TestOscFreq
 .text.CLOCK_HAL_GetMcgExternalClkFreq
                0x00001d14        0xa C:/Freescale/KSDK_1.2.0/lib/ksdk_platform_lib/kds/K64F12/debug/libksdk_platform.a(fsl_mcg_hal.o)
 .text.CLOCK_HAL_TestFllExternalRefFreq
                0x00001d1e       0x32 C:/Freescale/KSDK_1.2.0/lib/ksdk_platform_lib/kds/K64F12/debug/libksdk_platform.a(fsl_mcg_hal.o)
                0x00001d1e                CLOCK_HAL_TestFllExternalRefFreq
 .text.CLOCK_HAL_GetFllRefClk
                0x00001d50       0x3c C:/Freescale/KSDK_1.2.0/lib/ksdk_platform_lib/kds/K64F12/debug/libksdk_platform.a(fsl_mcg_hal.o)
                0x00001d50                CLOCK_HAL_GetFllRefClk
 .text.CLOCK_HAL_TestFllFreq
                0x00001d8c       0x34 C:/Freescale/KSDK_1.2.0/lib/ksdk_platform_lib/kds/K64F12/debug/libksdk_platform.a(fsl_mcg_hal.o)
                0x00001d8c                CLOCK_HAL_TestFllFreq
 .text.CLOCK_HAL_GetFllClk
                0x00001dc0       0x36 C:/Freescale/KSDK_1.2.0/lib/ksdk_platform_lib/kds/K64F12/debug/libksdk_platform.a(fsl_mcg_hal.o)
                0x00001dc0                CLOCK_HAL_GetFllClk
 .text.CLOCK_HAL_UpdateFastClkInternalRefDiv
                0x00001df6       0x58 C:/Freescale/KSDK_1.2.0/lib/ksdk_platform_lib/kds/K64F12/debug/libksdk_platform.a(fsl_mcg_hal.o)
                0x00001df6                CLOCK_HAL_UpdateFastClkInternalRefDiv
 .text.CLOCK_HAL_GetPll0Clk
                0x00001e4e       0x3e C:/Freescale/KSDK_1.2.0/lib/ksdk_platform_lib/kds/K64F12/debug/libksdk_platform.a(fsl_mcg_hal.o)
                0x00001e4e                CLOCK_HAL_GetPll0Clk
 .text.CLOCK_HAL_EnablePll0InFllMode
                0x00001e8c       0x3a C:/Freescale/KSDK_1.2.0/lib/ksdk_platform_lib/kds/K64F12/debug/libksdk_platform.a(fsl_mcg_hal.o)
                0x00001e8c                CLOCK_HAL_EnablePll0InFllMode
 *fill*         0x00001ec6        0x2 
 .text.CLOCK_HAL_GetInternalRefClk
                0x00001ec8       0x3c C:/Freescale/KSDK_1.2.0/lib/ksdk_platform_lib/kds/K64F12/debug/libksdk_platform.a(fsl_mcg_hal.o)
                0x00001ec8                CLOCK_HAL_GetInternalRefClk
 .text.CLOCK_HAL_GetOutClk
                0x00001f04       0x22 C:/Freescale/KSDK_1.2.0/lib/ksdk_platform_lib/kds/K64F12/debug/libksdk_platform.a(fsl_mcg_hal.o)
                0x00001f04                CLOCK_HAL_GetOutClk
 .text.CLOCK_HAL_SetOsc0Mode
                0x00001f26       0x24 C:/Freescale/KSDK_1.2.0/lib/ksdk_platform_lib/kds/K64F12/debug/libksdk_platform.a(fsl_mcg_hal.o)
                0x00001f26                CLOCK_HAL_SetOsc0Mode
 .text.CLOCK_HAL_PrepareOsc
                0x00001f4a       0x2c C:/Freescale/KSDK_1.2.0/lib/ksdk_platform_lib/kds/K64F12/debug/libksdk_platform.a(fsl_mcg_hal_modes.o)
 .text.CLOCK_HAL_GetMcgMode
                0x00001f76       0x76 C:/Freescale/KSDK_1.2.0/lib/ksdk_platform_lib/kds/K64F12/debug/libksdk_platform.a(fsl_mcg_hal_modes.o)
                0x00001f76                CLOCK_HAL_GetMcgMode
 .text.CLOCK_HAL_SetFbiMode
                0x00001fec       0xbc C:/Freescale/KSDK_1.2.0/lib/ksdk_platform_lib/kds/K64F12/debug/libksdk_platform.a(fsl_mcg_hal_modes.o)
                0x00001fec                CLOCK_HAL_SetFbiMode
 .text.CLOCK_HAL_SetFbeMode
                0x000020a8       0xf4 C:/Freescale/KSDK_1.2.0/lib/ksdk_platform_lib/kds/K64F12/debug/libksdk_platform.a(fsl_mcg_hal_modes.o)
                0x000020a8                CLOCK_HAL_SetFbeMode
 .text.CLOCK_HAL_SetPbeMode
                0x0000219c       0xd0 C:/Freescale/KSDK_1.2.0/lib/ksdk_platform_lib/kds/K64F12/debug/libksdk_platform.a(fsl_mcg_hal_modes.o)
                0x0000219c                CLOCK_HAL_SetPbeMode
 .text.GPIO_HAL_SetPinDir
                0x0000226c       0x3c C:/Freescale/KSDK_1.2.0/lib/ksdk_platform_lib/kds/K64F12/debug/libksdk_platform.a(fsl_gpio_hal.o)
                0x0000226c                GPIO_HAL_SetPinDir
 .text.GPIO_HAL_WritePinOutput
                0x000022a8       0x30 C:/Freescale/KSDK_1.2.0/lib/ksdk_platform_lib/kds/K64F12/debug/libksdk_platform.a(fsl_gpio_hal.o)
                0x000022a8                GPIO_HAL_WritePinOutput
 .text.__assert_func
                0x000022d8       0x38 c:/freescale/kds_3.0.0/toolchain/bin/../lib/gcc/arm-none-eabi/4.8.4/../../../../arm-none-eabi/lib/armv7e-m/fpu\libg_s.a(lib_a-assert.o)
                0x000022d8                __assert_func
 .text.exit     0x00002310       0x28 c:/freescale/kds_3.0.0/toolchain/bin/../lib/gcc/arm-none-eabi/4.8.4/../../../../arm-none-eabi/lib/armv7e-m/fpu\libg_s.a(lib_a-exit.o)
                0x00002310                exit
 .text.fprintf  0x00002338       0x24 c:/freescale/kds_3.0.0/toolchain/bin/../lib/gcc/arm-none-eabi/4.8.4/../../../../arm-none-eabi/lib/armv7e-m/fpu\libg_s.a(lib_a-fprintf.o)
                0x00002338                fiprintf
                0x00002338                fprintf
 .text.__libc_init_array
                0x0000235c       0x4c c:/freescale/kds_3.0.0/toolchain/bin/../lib/gcc/arm-none-eabi/4.8.4/../../../../arm-none-eabi/lib/armv7e-m/fpu\libg_s.a(lib_a-init.o)
                0x0000235c                __libc_init_array
 .text.memset   0x000023a8       0x10 c:/freescale/kds_3.0.0/toolchain/bin/../lib/gcc/arm-none-eabi/4.8.4/../../../../arm-none-eabi/lib/armv7e-m/fpu\libg_s.a(lib_a-memset.o)
                0x000023a8                memset
 .text._free_r  0x000023b8       0x88 c:/freescale/kds_3.0.0/toolchain/bin/../lib/gcc/arm-none-eabi/4.8.4/../../../../arm-none-eabi/lib/armv7e-m/fpu\libg_s.a(lib_a-nano-freer.o)
                0x000023b8                _free_r
 .text._malloc_r
                0x00002440       0xa8 c:/freescale/kds_3.0.0/toolchain/bin/../lib/gcc/arm-none-eabi/4.8.4/../../../../arm-none-eabi/lib/armv7e-m/fpu\libg_s.a(lib_a-nano-mallocr.o)
                0x00002440                _malloc_r
 .text._sbrk_r  0x000024e8       0x20 c:/freescale/kds_3.0.0/toolchain/bin/../lib/gcc/arm-none-eabi/4.8.4/../../../../arm-none-eabi/lib/armv7e-m/fpu\libg_s.a(lib_a-sbrkr.o)
                0x000024e8                _sbrk_r
 .text.strlen   0x00002508       0x10 c:/freescale/kds_3.0.0/toolchain/bin/../lib/gcc/arm-none-eabi/4.8.4/../../../../arm-none-eabi/lib/armv7e-m/fpu\libg_s.a(lib_a-strlen.o)
                0x00002508                strlen
 .text.__sfputc_r
                0x00002518       0x2c c:/freescale/kds_3.0.0/toolchain/bin/../lib/gcc/arm-none-eabi/4.8.4/../../../../arm-none-eabi/lib/armv7e-m/fpu\libg_s.a(lib_a-vfprintf.o)
 .text.__sfputs_r
                0x00002544       0x24 c:/freescale/kds_3.0.0/toolchain/bin/../lib/gcc/arm-none-eabi/4.8.4/../../../../arm-none-eabi/lib/armv7e-m/fpu\libg_s.a(lib_a-vfprintf.o)
                0x00002544                __sfputs_r
 .text._vfprintf_r
                0x00002568      0x208 c:/freescale/kds_3.0.0/toolchain/bin/../lib/gcc/arm-none-eabi/4.8.4/../../../../arm-none-eabi/lib/armv7e-m/fpu\libg_s.a(lib_a-vfprintf.o)
                0x00002568                _vfprintf_r
                0x00002568                _vfiprintf_r
 .text._printf_common
                0x00002770       0xe4 c:/freescale/kds_3.0.0/toolchain/bin/../lib/gcc/arm-none-eabi/4.8.4/../../../../arm-none-eabi/lib/armv7e-m/fpu\libg_s.a(lib_a-vfprintf_i.o)
                0x00002770                _printf_common
 .text._printf_i
                0x00002854      0x228 c:/freescale/kds_3.0.0/toolchain/bin/../lib/gcc/arm-none-eabi/4.8.4/../../../../arm-none-eabi/lib/armv7e-m/fpu\libg_s.a(lib_a-vfprintf_i.o)
                0x00002854                _printf_i
 .text.__swbuf_r
                0x00002a7c       0xa8 c:/freescale/kds_3.0.0/toolchain/bin/../lib/gcc/arm-none-eabi/4.8.4/../../../../arm-none-eabi/lib/armv7e-m/fpu\libg_s.a(lib_a-wbuf.o)
                0x00002a7c                __swbuf_r
 .text.__swsetup_r
                0x00002b24       0xdc c:/freescale/kds_3.0.0/toolchain/bin/../lib/gcc/arm-none-eabi/4.8.4/../../../../arm-none-eabi/lib/armv7e-m/fpu\libg_s.a(lib_a-wsetup.o)
                0x00002b24                __swsetup_r
 .text.abort    0x00002c00        0xe c:/freescale/kds_3.0.0/toolchain/bin/../lib/gcc/arm-none-eabi/4.8.4/../../../../arm-none-eabi/lib/armv7e-m/fpu\libg_s.a(lib_a-abort.o)
                0x00002c00                abort
 .text.__sflush_r
                0x00002c0e      0x106 c:/freescale/kds_3.0.0/toolchain/bin/../lib/gcc/arm-none-eabi/4.8.4/../../../../arm-none-eabi/lib/armv7e-m/fpu\libg_s.a(lib_a-fflush.o)
                0x00002c0e                __sflush_r
 .text._fflush_r
                0x00002d14       0x54 c:/freescale/kds_3.0.0/toolchain/bin/../lib/gcc/arm-none-eabi/4.8.4/../../../../arm-none-eabi/lib/armv7e-m/fpu\libg_s.a(lib_a-fflush.o)
                0x00002d14                _fflush_r
 .text._cleanup_r
                0x00002d68       0x32 c:/freescale/kds_3.0.0/toolchain/bin/../lib/gcc/arm-none-eabi/4.8.4/../../../../arm-none-eabi/lib/armv7e-m/fpu\libg_s.a(lib_a-findfp.o)
                0x00002d68                _cleanup_r
 *fill*         0x00002d9a        0x2 
 .text.std.isra.0
                0x00002d9c       0x48 c:/freescale/kds_3.0.0/toolchain/bin/../lib/gcc/arm-none-eabi/4.8.4/../../../../arm-none-eabi/lib/armv7e-m/fpu\libg_s.a(lib_a-findfp.o)
 .text.__sfmoreglue
                0x00002de4       0x2c c:/freescale/kds_3.0.0/toolchain/bin/../lib/gcc/arm-none-eabi/4.8.4/../../../../arm-none-eabi/lib/armv7e-m/fpu\libg_s.a(lib_a-findfp.o)
                0x00002de4                __sfmoreglue
 .text.__sinit  0x00002e10       0x60 c:/freescale/kds_3.0.0/toolchain/bin/../lib/gcc/arm-none-eabi/4.8.4/../../../../arm-none-eabi/lib/armv7e-m/fpu\libg_s.a(lib_a-findfp.o)
                0x00002e10                __sinit
 .text.__sfp    0x00002e70       0x74 c:/freescale/kds_3.0.0/toolchain/bin/../lib/gcc/arm-none-eabi/4.8.4/../../../../arm-none-eabi/lib/armv7e-m/fpu\libg_s.a(lib_a-findfp.o)
                0x00002e70                __sfp
 .text.__smakebuf_r
                0x00002ee4       0x9c c:/freescale/kds_3.0.0/toolchain/bin/../lib/gcc/arm-none-eabi/4.8.4/../../../../arm-none-eabi/lib/armv7e-m/fpu\libg_s.a(lib_a-makebuf.o)
                0x00002ee4                __smakebuf_r
 .text.memchr   0x00002f80       0x1e c:/freescale/kds_3.0.0/toolchain/bin/../lib/gcc/arm-none-eabi/4.8.4/../../../../arm-none-eabi/lib/armv7e-m/fpu\libg_s.a(lib_a-memchr-stub.o)
                0x00002f80                memchr
 .text._raise_r
                0x00002f9e       0x50 c:/freescale/kds_3.0.0/toolchain/bin/../lib/gcc/arm-none-eabi/4.8.4/../../../../arm-none-eabi/lib/armv7e-m/fpu\libg_s.a(lib_a-signal.o)
                0x00002f9e                _raise_r
 *fill*         0x00002fee        0x2 
 .text.raise    0x00002ff0       0x10 c:/freescale/kds_3.0.0/toolchain/bin/../lib/gcc/arm-none-eabi/4.8.4/../../../../arm-none-eabi/lib/armv7e-m/fpu\libg_s.a(lib_a-signal.o)
                0x00002ff0                raise
 .text._kill_r  0x00003000       0x24 c:/freescale/kds_3.0.0/toolchain/bin/../lib/gcc/arm-none-eabi/4.8.4/../../../../arm-none-eabi/lib/armv7e-m/fpu\libg_s.a(lib_a-signalr.o)
                0x00003000                _kill_r
 .text._getpid_r
                0x00003024        0x4 c:/freescale/kds_3.0.0/toolchain/bin/../lib/gcc/arm-none-eabi/4.8.4/../../../../arm-none-eabi/lib/armv7e-m/fpu\libg_s.a(lib_a-signalr.o)
                0x00003024                _getpid_r
 .text.__sread  0x00003028       0x22 c:/freescale/kds_3.0.0/toolchain/bin/../lib/gcc/arm-none-eabi/4.8.4/../../../../arm-none-eabi/lib/armv7e-m/fpu\libg_s.a(lib_a-stdio.o)
                0x00003028                __sread
 .text.__swrite
                0x0000304a       0x38 c:/freescale/kds_3.0.0/toolchain/bin/../lib/gcc/arm-none-eabi/4.8.4/../../../../arm-none-eabi/lib/armv7e-m/fpu\libg_s.a(lib_a-stdio.o)
                0x0000304a                __swrite
 .text.__sseek  0x00003082       0x24 c:/freescale/kds_3.0.0/toolchain/bin/../lib/gcc/arm-none-eabi/4.8.4/../../../../arm-none-eabi/lib/armv7e-m/fpu\libg_s.a(lib_a-stdio.o)
                0x00003082                __sseek
 .text.__sclose
                0x000030a6        0x8 c:/freescale/kds_3.0.0/toolchain/bin/../lib/gcc/arm-none-eabi/4.8.4/../../../../arm-none-eabi/lib/armv7e-m/fpu\libg_s.a(lib_a-stdio.o)
                0x000030a6                __sclose
 *fill*         0x000030ae        0x2 
 .text._write_r
                0x000030b0       0x24 c:/freescale/kds_3.0.0/toolchain/bin/../lib/gcc/arm-none-eabi/4.8.4/../../../../arm-none-eabi/lib/armv7e-m/fpu\libg_s.a(lib_a-writer.o)
                0x000030b0                _write_r
 .text._close_r
                0x000030d4       0x20 c:/freescale/kds_3.0.0/toolchain/bin/../lib/gcc/arm-none-eabi/4.8.4/../../../../arm-none-eabi/lib/armv7e-m/fpu\libg_s.a(lib_a-closer.o)
                0x000030d4                _close_r
 .text._fstat_r
                0x000030f4       0x24 c:/freescale/kds_3.0.0/toolchain/bin/../lib/gcc/arm-none-eabi/4.8.4/../../../../arm-none-eabi/lib/armv7e-m/fpu\libg_s.a(lib_a-fstatr.o)
                0x000030f4                _fstat_r
 .text._isatty_r
                0x00003118       0x20 c:/freescale/kds_3.0.0/toolchain/bin/../lib/gcc/arm-none-eabi/4.8.4/../../../../arm-none-eabi/lib/armv7e-m/fpu\libg_s.a(lib_a-isattyr.o)
                0x00003118                _isatty_r
 .text._lseek_r
                0x00003138       0x24 c:/freescale/kds_3.0.0/toolchain/bin/../lib/gcc/arm-none-eabi/4.8.4/../../../../arm-none-eabi/lib/armv7e-m/fpu\libg_s.a(lib_a-lseekr.o)
                0x00003138                _lseek_r
 .text._read_r  0x0000315c       0x24 c:/freescale/kds_3.0.0/toolchain/bin/../lib/gcc/arm-none-eabi/4.8.4/../../../../arm-none-eabi/lib/armv7e-m/fpu\libg_s.a(lib_a-readr.o)
                0x0000315c                _read_r
 .text._close   0x00003180       0x10 c:/freescale/kds_3.0.0/toolchain/bin/../lib/gcc/arm-none-eabi/4.8.4/../../../../arm-none-eabi/lib/armv7e-m/fpu\libnosys.a(close.o)
                0x00003180                _close
 .text._fstat   0x00003190       0x10 c:/freescale/kds_3.0.0/toolchain/bin/../lib/gcc/arm-none-eabi/4.8.4/../../../../arm-none-eabi/lib/armv7e-m/fpu\libnosys.a(fstat.o)
                0x00003190                _fstat
 .text._getpid  0x000031a0       0x10 c:/freescale/kds_3.0.0/toolchain/bin/../lib/gcc/arm-none-eabi/4.8.4/../../../../arm-none-eabi/lib/armv7e-m/fpu\libnosys.a(getpid.o)
                0x000031a0                _getpid
 .text._isatty  0x000031b0       0x10 c:/freescale/kds_3.0.0/toolchain/bin/../lib/gcc/arm-none-eabi/4.8.4/../../../../arm-none-eabi/lib/armv7e-m/fpu\libnosys.a(isatty.o)
                0x000031b0                _isatty
 .text._kill    0x000031c0       0x10 c:/freescale/kds_3.0.0/toolchain/bin/../lib/gcc/arm-none-eabi/4.8.4/../../../../arm-none-eabi/lib/armv7e-m/fpu\libnosys.a(kill.o)
                0x000031c0                _kill
 .text._lseek   0x000031d0       0x10 c:/freescale/kds_3.0.0/toolchain/bin/../lib/gcc/arm-none-eabi/4.8.4/../../../../arm-none-eabi/lib/armv7e-m/fpu\libnosys.a(lseek.o)
                0x000031d0                _lseek
 .text._sbrk    0x000031e0       0x34 c:/freescale/kds_3.0.0/toolchain/bin/../lib/gcc/arm-none-eabi/4.8.4/../../../../arm-none-eabi/lib/armv7e-m/fpu\libnosys.a(sbrk.o)
                0x000031e0                _sbrk
 .text._exit    0x00003214        0x4 c:/freescale/kds_3.0.0/toolchain/bin/../lib/gcc/arm-none-eabi/4.8.4/../../../../arm-none-eabi/lib/armv7e-m/fpu\libnosys.a(_exit.o)
                0x00003214                _exit
 *(.rodata)
 .rodata        0x00003218       0x50 ./frdmk64f/board.o
 .rodata        0x00003268       0x44 ./frdmk64f/pin_mux.o
 .rodata        0x000032ac       0x18 ./Utilities/fsl_debug_console.o
 .rodata        0x000032c4       0x98 ./Sources/main.o
 *(.rodata*)
 .rodata.g_defaultClockConfigRun
                0x0000335c       0x18 ./frdmk64f/board.o
                0x0000335c                g_defaultClockConfigRun
 .rodata.__func__.6253
                0x00003374       0x14 ./frdmk64f/board.o
 .rodata.ledPins
                0x00003388       0x30 ./frdmk64f/gpio_pins.o
                0x00003388                ledPins
 .rodata.__func__.6221
                0x000033b8       0x14 ./frdmk64f/pin_mux.o
 .rodata.__func__.6185
                0x000033cc       0x18 ./frdmk64f/pin_mux.o
 .rodata.__func__.6191
                0x000033e4       0x14 ./frdmk64f/pin_mux.o
 .rodata.__func__.6203
                0x000033f8       0x20 ./frdmk64f/pin_mux.o
 .rodata.__func__.6215
                0x00003418       0x20 ./frdmk64f/pin_mux.o
 .rodata.__func__.6197
                0x00003438       0x1c ./frdmk64f/pin_mux.o
 .rodata.__func__.7832
                0x00003454       0x1a C:/Freescale/KSDK_1.2.0/lib/ksdk_platform_lib/kds/K64F12/debug/libksdk_platform.a(fsl_clock_MK64F12.o)
 .rodata.uartGateTable
                0x0000346e        0x6 C:/Freescale/KSDK_1.2.0/lib/ksdk_platform_lib/kds/K64F12/debug/libksdk_platform.a(fsl_clock_MK64F12.o)
 .rodata.__func__.7754
                0x00003474       0x1a C:/Freescale/KSDK_1.2.0/lib/ksdk_platform_lib/kds/K64F12/debug/libksdk_platform.a(fsl_clock_MK64F12.o)
 .rodata.str1.1
                0x0000348e      0x1e9 C:/Freescale/KSDK_1.2.0/lib/ksdk_platform_lib/kds/K64F12/debug/libksdk_platform.a(fsl_clock_MK64F12.o)
 .rodata.portGateTable
                0x00003677        0x5 C:/Freescale/KSDK_1.2.0/lib/ksdk_platform_lib/kds/K64F12/debug/libksdk_platform.a(fsl_clock_MK64F12.o)
 .rodata.__func__.7599
                0x0000367c       0x1b C:/Freescale/KSDK_1.2.0/lib/ksdk_platform_lib/kds/K64F12/debug/libksdk_platform.a(fsl_clock_MK64F12.o)
 .rodata.__func__.7985
                0x00003697       0x12 C:/Freescale/KSDK_1.2.0/lib/ksdk_platform_lib/kds/K64F12/debug/libksdk_platform.a(fsl_clock_manager.o)
 .rodata.__func__.8002
                0x000036a9       0x15 C:/Freescale/KSDK_1.2.0/lib/ksdk_platform_lib/kds/K64F12/debug/libksdk_platform.a(fsl_clock_manager.o)
 .rodata.str1.1
                0x000036be       0xaf C:/Freescale/KSDK_1.2.0/lib/ksdk_platform_lib/kds/K64F12/debug/libksdk_platform.a(fsl_clock_manager.o)
 *fill*         0x0000376d        0x3 
 .rodata.g_oscBase
                0x00003770        0x4 C:/Freescale/KSDK_1.2.0/lib/ksdk_platform_lib/kds/K64F12/debug/libksdk_platform.a(fsl_clock_manager_common.o)
                0x00003770                g_oscBase
 .rodata.g_rtcBase
                0x00003774        0x4 C:/Freescale/KSDK_1.2.0/lib/ksdk_platform_lib/kds/K64F12/debug/libksdk_platform.a(fsl_rtc_common.o)
                0x00003774                g_rtcBase
 .rodata.fllFactorTable.6324
                0x00003778       0x10 C:/Freescale/KSDK_1.2.0/lib/ksdk_platform_lib/kds/K64F12/debug/libksdk_platform.a(fsl_mcg_hal.o)
 .rodata.__func__.6103
                0x00003788       0x13 C:/Freescale/KSDK_1.2.0/lib/ksdk_platform_lib/kds/K64F12/debug/libksdk_platform.a(fsl_gpio_hal.o)
 .rodata.__func__.6109
                0x0000379b       0x18 C:/Freescale/KSDK_1.2.0/lib/ksdk_platform_lib/kds/K64F12/debug/libksdk_platform.a(fsl_gpio_hal.o)
 .rodata.str1.1
                0x000037b3       0x46 C:/Freescale/KSDK_1.2.0/lib/ksdk_platform_lib/kds/K64F12/debug/libksdk_platform.a(fsl_gpio_hal.o)
 *fill*         0x000037f9        0x3 
 .rodata.g_gpioBase
                0x000037fc       0x14 C:/Freescale/KSDK_1.2.0/lib/ksdk_platform_lib/kds/K64F12/debug/libksdk_platform.a(fsl_gpio_common.o)
                0x000037fc                g_gpioBase
 .rodata.str1.1
                0x00003810       0x3c c:/freescale/kds_3.0.0/toolchain/bin/../lib/gcc/arm-none-eabi/4.8.4/../../../../arm-none-eabi/lib/armv7e-m/fpu\libg_s.a(lib_a-assert.o)
                                 0x3d (size before relaxing)
 .rodata.str1.1
                0x0000384c        0x2 c:/freescale/kds_3.0.0/toolchain/bin/../lib/gcc/arm-none-eabi/4.8.4/../../../../arm-none-eabi/lib/armv7e-m/fpu\libg_s.a(lib_a-impure.o)
 *fill*         0x0000384e        0x2 
 .rodata._global_impure_ptr
                0x00003850        0x4 c:/freescale/kds_3.0.0/toolchain/bin/../lib/gcc/arm-none-eabi/4.8.4/../../../../arm-none-eabi/lib/armv7e-m/fpu\libg_s.a(lib_a-impure.o)
                0x00003850                _global_impure_ptr
 .rodata.str1.1
                0x00003854       0x11 c:/freescale/kds_3.0.0/toolchain/bin/../lib/gcc/arm-none-eabi/4.8.4/../../../../arm-none-eabi/lib/armv7e-m/fpu\libg_s.a(lib_a-vfprintf.o)
 .rodata.str1.1
                0x00003865       0x22 c:/freescale/kds_3.0.0/toolchain/bin/../lib/gcc/arm-none-eabi/4.8.4/../../../../arm-none-eabi/lib/armv7e-m/fpu\libg_s.a(lib_a-vfprintf_i.o)
 *fill*         0x00003887        0x1 
 .rodata.__sf_fake_stdin
                0x00003888       0x20 c:/freescale/kds_3.0.0/toolchain/bin/../lib/gcc/arm-none-eabi/4.8.4/../../../../arm-none-eabi/lib/armv7e-m/fpu\libg_s.a(lib_a-findfp.o)
                0x00003888                __sf_fake_stdin
 .rodata.__sf_fake_stdout
                0x000038a8       0x20 c:/freescale/kds_3.0.0/toolchain/bin/../lib/gcc/arm-none-eabi/4.8.4/../../../../arm-none-eabi/lib/armv7e-m/fpu\libg_s.a(lib_a-findfp.o)
                0x000038a8                __sf_fake_stdout
 .rodata.__sf_fake_stderr
                0x000038c8       0x20 c:/freescale/kds_3.0.0/toolchain/bin/../lib/gcc/arm-none-eabi/4.8.4/../../../../arm-none-eabi/lib/armv7e-m/fpu\libg_s.a(lib_a-findfp.o)
                0x000038c8                __sf_fake_stderr
 *(.glue_7)
 .glue_7        0x00000000        0x0 linker stubs
 *(.glue_7t)
 .glue_7t       0x00000000        0x0 linker stubs
 *(.eh_frame)
 .eh_frame      0x000038e8        0x0 c:/freescale/kds_3.0.0/toolchain/bin/../lib/gcc/arm-none-eabi/4.8.4/armv7e-m/fpu/crtbegin.o
 *(.init)
 .init          0x000038e8        0x4 c:/freescale/kds_3.0.0/toolchain/bin/../lib/gcc/arm-none-eabi/4.8.4/armv7e-m/fpu/crti.o
                0x000038e8                _init
 .init          0x000038ec        0x8 c:/freescale/kds_3.0.0/toolchain/bin/../lib/gcc/arm-none-eabi/4.8.4/armv7e-m/fpu/crtn.o
 *(.fini)
 .fini          0x000038f4        0x4 c:/freescale/kds_3.0.0/toolchain/bin/../lib/gcc/arm-none-eabi/4.8.4/armv7e-m/fpu/crti.o
                0x000038f4                _fini
 .fini          0x000038f8        0x8 c:/freescale/kds_3.0.0/toolchain/bin/../lib/gcc/arm-none-eabi/4.8.4/armv7e-m/fpu/crtn.o
                0x00003900                . = ALIGN (0x4)

.vfp11_veneer   0x00003900        0x0
 .vfp11_veneer  0x00000000        0x0 linker stubs

.v4_bx          0x00003900        0x0
 .v4_bx         0x00000000        0x0 linker stubs

.iplt           0x00003900        0x0
 .iplt          0x00000000        0x0 c:/freescale/kds_3.0.0/toolchain/bin/../lib/gcc/arm-none-eabi/4.8.4/armv7e-m/fpu/crtbegin.o

.ARM.extab
 *(.ARM.extab* .gnu.linkonce.armextab.*)

.ARM            0x00003900        0x8
                0x00003900                __exidx_start = .
 *(.ARM.exidx*)
 .ARM.exidx     0x00003900        0x8 c:/freescale/kds_3.0.0/toolchain/bin/../lib/gcc/arm-none-eabi/4.8.4/../../../../arm-none-eabi/lib/armv7e-m/fpu/crt0.o
                0x00003908                __exidx_end = .

.rel.dyn        0x00003908        0x0
 .rel.iplt      0x00000000        0x0 c:/freescale/kds_3.0.0/toolchain/bin/../lib/gcc/arm-none-eabi/4.8.4/armv7e-m/fpu/crtbegin.o

.ctors          0x00003908        0x0
                0x00003908                __CTOR_LIST__ = .
 *crtbegin.o(.ctors)
 *crtbegin?.o(.ctors)
 *(EXCLUDE_FILE(*crtend.o *crtend?.o) .ctors)
 *(SORT(.ctors.*))
 *(.ctors)
                0x00003908                __CTOR_END__ = .

.dtors          0x00003908        0x0
                0x00003908                __DTOR_LIST__ = .
 *crtbegin.o(.dtors)
 *crtbegin?.o(.dtors)
 *(EXCLUDE_FILE(*crtend.o *crtend?.o) .dtors)
 *(SORT(.dtors.*))
 *(.dtors)
                0x00003908                __DTOR_END__ = .

.preinit_array  0x00003908        0x0
                0x00003908                PROVIDE (__preinit_array_start, .)
 *(.preinit_array*)
                0x00003908                PROVIDE (__preinit_array_end, .)

.init_array     0x00003908        0x4
                0x00003908                PROVIDE (__init_array_start, .)
 *(SORT(.init_array.*))
 *(.init_array*)
 .init_array    0x00003908        0x4 c:/freescale/kds_3.0.0/toolchain/bin/../lib/gcc/arm-none-eabi/4.8.4/armv7e-m/fpu/crtbegin.o
                0x0000390c                PROVIDE (__init_array_end, .)

.fini_array     0x0000390c        0x4
                0x0000390c                PROVIDE (__fini_array_start, .)
 *(SORT(.fini_array.*))
 *(.fini_array*)
 .fini_array    0x0000390c        0x4 c:/freescale/kds_3.0.0/toolchain/bin/../lib/gcc/arm-none-eabi/4.8.4/armv7e-m/fpu/crtbegin.o
                0x00003910                PROVIDE (__fini_array_end, .)
                0x00003910                __etext = .
                0x00003910                __DATA_ROM = .

.interrupts_ram
                0x1fff0000        0x0
                0x1fff0000                . = ALIGN (0x4)
                0x1fff0000                __VECTOR_RAM__ = .
                0x1fff0000                __interrupts_ram_start__ = .
 *(.m_interrupts_ram)
                0x1fff0000                . = (. + M_VECTOR_RAM_SIZE)
                0x1fff0000                . = ALIGN (0x4)
                0x1fff0000                __interrupts_ram_end__ = .
                0x00000000                __VECTOR_RAM = DEFINED (__ram_vector_table__)?__VECTOR_RAM__:ORIGIN (m_interrupts)
                0x00000000                __RAM_VECTOR_TABLE_SIZE_BYTES = DEFINED (__ram_vector_table__)?(__interrupts_ram_end__ - __interrupts_ram_start__):0x0

.data           0x1fff0000       0x74 load address 0x00003910
                0x1fff0000                . = ALIGN (0x4)
                0x1fff0000                __DATA_RAM = .
                0x1fff0000                __data_start__ = .
 *(.data)
 *(.data*)
 .data.SystemCoreClock
                0x1fff0000        0x4 ./Project_Settings/Startup_Code/system_MK64F12.o
                0x1fff0000                SystemCoreClock
 .data.g_slowInternalRefClkFreq
                0x1fff0004        0x4 C:/Freescale/KSDK_1.2.0/lib/ksdk_platform_lib/kds/K64F12/debug/libksdk_platform.a(fsl_mcg_hal.o)
                0x1fff0004                g_slowInternalRefClkFreq
 .data.g_fastInternalRefClkFreq
                0x1fff0008        0x4 C:/Freescale/KSDK_1.2.0/lib/ksdk_platform_lib/kds/K64F12/debug/libksdk_platform.a(fsl_mcg_hal.o)
                0x1fff0008                g_fastInternalRefClkFreq
 .data.impure_data
                0x1fff000c       0x60 c:/freescale/kds_3.0.0/toolchain/bin/../lib/gcc/arm-none-eabi/4.8.4/../../../../arm-none-eabi/lib/armv7e-m/fpu\libg_s.a(lib_a-impure.o)
 .data._impure_ptr
                0x1fff006c        0x4 c:/freescale/kds_3.0.0/toolchain/bin/../lib/gcc/arm-none-eabi/4.8.4/../../../../arm-none-eabi/lib/armv7e-m/fpu\libg_s.a(lib_a-impure.o)
                0x1fff006c                _impure_ptr
 *(.jcr*)
 .jcr           0x1fff0070        0x0 c:/freescale/kds_3.0.0/toolchain/bin/../lib/gcc/arm-none-eabi/4.8.4/armv7e-m/fpu/crtbegin.o
 .jcr           0x1fff0070        0x4 c:/freescale/kds_3.0.0/toolchain/bin/../lib/gcc/arm-none-eabi/4.8.4/armv7e-m/fpu/crtend.o
                0x1fff0074                . = ALIGN (0x4)
                0x1fff0074                __data_end__ = .
                0x00003984                __DATA_END = (__DATA_ROM + (__data_end__ - __data_start__))

.igot.plt       0x1fff0074        0x0 load address 0x00003984
 .igot.plt      0x00000000        0x0 c:/freescale/kds_3.0.0/toolchain/bin/../lib/gcc/arm-none-eabi/4.8.4/armv7e-m/fpu/crtbegin.o

.bss            0x1fff0074       0x48 load address 0x00003984
                0x1fff0074                . = ALIGN (0x4)
                0x1fff0074                __START_BSS = .
                0x1fff0074                __bss_start__ = .
 *(.bss)
 .bss           0x1fff0074       0x1c c:/freescale/kds_3.0.0/toolchain/bin/../lib/gcc/arm-none-eabi/4.8.4/armv7e-m/fpu/crtbegin.o
 *(.bss*)
 .bss.s_debugConsole
                0x1fff0090       0x10 ./Utilities/fsl_debug_console.o
 .bss.ch        0x1fff00a0        0x1 ./Sources/main.o
 *fill*         0x1fff00a1        0x3 
 .bss.g_xtal0ClkFreq
                0x1fff00a4        0x4 C:/Freescale/KSDK_1.2.0/lib/ksdk_platform_lib/kds/K64F12/debug/libksdk_platform.a(fsl_mcg_hal.o)
                0x1fff00a4                g_xtal0ClkFreq
 .bss.g_xtalRtcClkFreq
                0x1fff00a8        0x4 C:/Freescale/KSDK_1.2.0/lib/ksdk_platform_lib/kds/K64F12/debug/libksdk_platform.a(fsl_mcg_hal.o)
                0x1fff00a8                g_xtalRtcClkFreq
 .bss.__malloc_sbrk_start
                0x1fff00ac        0x4 c:/freescale/kds_3.0.0/toolchain/bin/../lib/gcc/arm-none-eabi/4.8.4/../../../../arm-none-eabi/lib/armv7e-m/fpu\libg_s.a(lib_a-nano-mallocr.o)
                0x1fff00ac                __malloc_sbrk_start
 .bss.__malloc_free_list
                0x1fff00b0        0x4 c:/freescale/kds_3.0.0/toolchain/bin/../lib/gcc/arm-none-eabi/4.8.4/../../../../arm-none-eabi/lib/armv7e-m/fpu\libg_s.a(lib_a-nano-mallocr.o)
                0x1fff00b0                __malloc_free_list
 .bss.heap_end.4246
                0x1fff00b4        0x4 c:/freescale/kds_3.0.0/toolchain/bin/../lib/gcc/arm-none-eabi/4.8.4/../../../../arm-none-eabi/lib/armv7e-m/fpu\libnosys.a(sbrk.o)
 *(COMMON)
 COMMON         0x1fff00b8        0x4 c:/freescale/kds_3.0.0/toolchain/bin/../lib/gcc/arm-none-eabi/4.8.4/../../../../arm-none-eabi/lib/armv7e-m/fpu\libg_s.a(lib_a-reent.o)
                0x1fff00b8                errno
                0x1fff00bc                . = ALIGN (0x4)
                0x1fff00bc                __bss_end__ = .
                0x1fff00bc                __END_BSS = .

.heap           0x20000000      0x400
                0x20000000                . = ALIGN (0x8)
                0x20000000                __end__ = .
                0x20000000                PROVIDE (end, .)
                0x20000000                __HeapBase = .
                0x20000400                . = (. + HEAP_SIZE)
 *fill*         0x20000000      0x400 
                0x20000400                __HeapLimit = .

.stack          0x20000400      0x400
                0x20000400                . = ALIGN (0x8)
                0x20000800                . = (. + STACK_SIZE)
 *fill*         0x20000400      0x400 
                0x20030000                __StackTop = (ORIGIN (m_data_2) + 0x30000)
                0x2002fc00                __StackLimit = (__StackTop - STACK_SIZE)
                0x20030000                PROVIDE (__stack, __StackTop)

.ARM.attributes
                0x00000000       0x30
 *(.ARM.attributes)
 .ARM.attributes
                0x00000000       0x22 c:/freescale/kds_3.0.0/toolchain/bin/../lib/gcc/arm-none-eabi/4.8.4/armv7e-m/fpu/crti.o
 .ARM.attributes
                0x00000022       0x34 c:/freescale/kds_3.0.0/toolchain/bin/../lib/gcc/arm-none-eabi/4.8.4/armv7e-m/fpu/crtbegin.o
 .ARM.attributes
                0x00000056       0x20 c:/freescale/kds_3.0.0/toolchain/bin/../lib/gcc/arm-none-eabi/4.8.4/../../../../arm-none-eabi/lib/armv7e-m/fpu/crt0.o
 .ARM.attributes
                0x00000076       0x39 ./frdmk64f/board.o
 .ARM.attributes
                0x000000af       0x39 ./frdmk64f/gpio_pins.o
 .ARM.attributes
                0x000000e8       0x39 ./frdmk64f/hardware_init.o
 .ARM.attributes
                0x00000121       0x39 ./frdmk64f/pin_mux.o
 .ARM.attributes
                0x0000015a       0x39 ./Utilities/fsl_debug_console.o
 .ARM.attributes
                0x00000193       0x39 ./Utilities/print_scan.o
 .ARM.attributes
                0x000001cc       0x39 ./Sources/main.o
 .ARM.attributes
                0x00000205       0x39 ./Project_Settings/Startup_Code/startup.o
 .ARM.attributes
                0x0000023e       0x1f ./Project_Settings/Startup_Code/startup_MK64F12.o
 .ARM.attributes
                0x0000025d       0x39 ./Project_Settings/Startup_Code/system_MK64F12.o
 .ARM.attributes
                0x00000296       0x39 C:/Freescale/KSDK_1.2.0/lib/ksdk_platform_lib/kds/K64F12/debug/libksdk_platform.a(fsl_uart_hal.o)
 .ARM.attributes
                0x000002cf       0x39 C:/Freescale/KSDK_1.2.0/lib/ksdk_platform_lib/kds/K64F12/debug/libksdk_platform.a(fsl_gpio_driver.o)
 .ARM.attributes
                0x00000308       0x39 C:/Freescale/KSDK_1.2.0/lib/ksdk_platform_lib/kds/K64F12/debug/libksdk_platform.a(fsl_clock_MK64F12.o)
 .ARM.attributes
                0x00000341       0x39 C:/Freescale/KSDK_1.2.0/lib/ksdk_platform_lib/kds/K64F12/debug/libksdk_platform.a(fsl_clock_manager.o)
 .ARM.attributes
                0x0000037a       0x39 C:/Freescale/KSDK_1.2.0/lib/ksdk_platform_lib/kds/K64F12/debug/libksdk_platform.a(fsl_clock_manager_common.o)
 .ARM.attributes
                0x000003b3       0x39 C:/Freescale/KSDK_1.2.0/lib/ksdk_platform_lib/kds/K64F12/debug/libksdk_platform.a(fsl_sim_hal_MK64F12.o)
 .ARM.attributes
                0x000003ec       0x39 C:/Freescale/KSDK_1.2.0/lib/ksdk_platform_lib/kds/K64F12/debug/libksdk_platform.a(fsl_rtc_common.o)
 .ARM.attributes
                0x00000425       0x39 C:/Freescale/KSDK_1.2.0/lib/ksdk_platform_lib/kds/K64F12/debug/libksdk_platform.a(fsl_osc_hal.o)
 .ARM.attributes
                0x0000045e       0x39 C:/Freescale/KSDK_1.2.0/lib/ksdk_platform_lib/kds/K64F12/debug/libksdk_platform.a(fsl_mcg_hal.o)
 .ARM.attributes
                0x00000497       0x39 C:/Freescale/KSDK_1.2.0/lib/ksdk_platform_lib/kds/K64F12/debug/libksdk_platform.a(fsl_mcg_hal_modes.o)
 .ARM.attributes
                0x000004d0       0x39 C:/Freescale/KSDK_1.2.0/lib/ksdk_platform_lib/kds/K64F12/debug/libksdk_platform.a(fsl_gpio_hal.o)
 .ARM.attributes
                0x00000509       0x39 C:/Freescale/KSDK_1.2.0/lib/ksdk_platform_lib/kds/K64F12/debug/libksdk_platform.a(fsl_gpio_common.o)
 .ARM.attributes
                0x00000542       0x34 c:/freescale/kds_3.0.0/toolchain/bin/../lib/gcc/arm-none-eabi/4.8.4/../../../../arm-none-eabi/lib/armv7e-m/fpu\libg_s.a(lib_a-assert.o)
 .ARM.attributes
                0x00000576       0x34 c:/freescale/kds_3.0.0/toolchain/bin/../lib/gcc/arm-none-eabi/4.8.4/../../../../arm-none-eabi/lib/armv7e-m/fpu\libg_s.a(lib_a-exit.o)
 .ARM.attributes
                0x000005aa       0x34 c:/freescale/kds_3.0.0/toolchain/bin/../lib/gcc/arm-none-eabi/4.8.4/../../../../arm-none-eabi/lib/armv7e-m/fpu\libg_s.a(lib_a-fprintf.o)
 .ARM.attributes
                0x000005de       0x34 c:/freescale/kds_3.0.0/toolchain/bin/../lib/gcc/arm-none-eabi/4.8.4/../../../../arm-none-eabi/lib/armv7e-m/fpu\libg_s.a(lib_a-impure.o)
 .ARM.attributes
                0x00000612       0x34 c:/freescale/kds_3.0.0/toolchain/bin/../lib/gcc/arm-none-eabi/4.8.4/../../../../arm-none-eabi/lib/armv7e-m/fpu\libg_s.a(lib_a-init.o)
 .ARM.attributes
                0x00000646       0x34 c:/freescale/kds_3.0.0/toolchain/bin/../lib/gcc/arm-none-eabi/4.8.4/../../../../arm-none-eabi/lib/armv7e-m/fpu\libg_s.a(lib_a-memset.o)
 .ARM.attributes
                0x0000067a       0x34 c:/freescale/kds_3.0.0/toolchain/bin/../lib/gcc/arm-none-eabi/4.8.4/../../../../arm-none-eabi/lib/armv7e-m/fpu\libg_s.a(lib_a-nano-freer.o)
 .ARM.attributes
                0x000006ae       0x34 c:/freescale/kds_3.0.0/toolchain/bin/../lib/gcc/arm-none-eabi/4.8.4/../../../../arm-none-eabi/lib/armv7e-m/fpu\libg_s.a(lib_a-nano-mallocr.o)
 .ARM.attributes
                0x000006e2       0x34 c:/freescale/kds_3.0.0/toolchain/bin/../lib/gcc/arm-none-eabi/4.8.4/../../../../arm-none-eabi/lib/armv7e-m/fpu\libg_s.a(lib_a-sbrkr.o)
 .ARM.attributes
                0x00000716       0x34 c:/freescale/kds_3.0.0/toolchain/bin/../lib/gcc/arm-none-eabi/4.8.4/../../../../arm-none-eabi/lib/armv7e-m/fpu\libg_s.a(lib_a-strlen.o)
 .ARM.attributes
                0x0000074a       0x34 c:/freescale/kds_3.0.0/toolchain/bin/../lib/gcc/arm-none-eabi/4.8.4/../../../../arm-none-eabi/lib/armv7e-m/fpu\libg_s.a(lib_a-vfprintf.o)
 .ARM.attributes
                0x0000077e       0x34 c:/freescale/kds_3.0.0/toolchain/bin/../lib/gcc/arm-none-eabi/4.8.4/../../../../arm-none-eabi/lib/armv7e-m/fpu\libg_s.a(lib_a-vfprintf_i.o)
 .ARM.attributes
                0x000007b2       0x34 c:/freescale/kds_3.0.0/toolchain/bin/../lib/gcc/arm-none-eabi/4.8.4/../../../../arm-none-eabi/lib/armv7e-m/fpu\libg_s.a(lib_a-wbuf.o)
 .ARM.attributes
                0x000007e6       0x34 c:/freescale/kds_3.0.0/toolchain/bin/../lib/gcc/arm-none-eabi/4.8.4/../../../../arm-none-eabi/lib/armv7e-m/fpu\libg_s.a(lib_a-wsetup.o)
 .ARM.attributes
                0x0000081a       0x34 c:/freescale/kds_3.0.0/toolchain/bin/../lib/gcc/arm-none-eabi/4.8.4/../../../../arm-none-eabi/lib/armv7e-m/fpu\libg_s.a(lib_a-abort.o)
 .ARM.attributes
                0x0000084e       0x34 c:/freescale/kds_3.0.0/toolchain/bin/../lib/gcc/arm-none-eabi/4.8.4/../../../../arm-none-eabi/lib/armv7e-m/fpu\libg_s.a(lib_a-fflush.o)
 .ARM.attributes
                0x00000882       0x34 c:/freescale/kds_3.0.0/toolchain/bin/../lib/gcc/arm-none-eabi/4.8.4/../../../../arm-none-eabi/lib/armv7e-m/fpu\libg_s.a(lib_a-findfp.o)
 .ARM.attributes
                0x000008b6       0x34 c:/freescale/kds_3.0.0/toolchain/bin/../lib/gcc/arm-none-eabi/4.8.4/../../../../arm-none-eabi/lib/armv7e-m/fpu\libg_s.a(lib_a-makebuf.o)
 .ARM.attributes
                0x000008ea       0x34 c:/freescale/kds_3.0.0/toolchain/bin/../lib/gcc/arm-none-eabi/4.8.4/../../../../arm-none-eabi/lib/armv7e-m/fpu\libg_s.a(lib_a-memchr-stub.o)
 .ARM.attributes
                0x0000091e       0x34 c:/freescale/kds_3.0.0/toolchain/bin/../lib/gcc/arm-none-eabi/4.8.4/../../../../arm-none-eabi/lib/armv7e-m/fpu\libg_s.a(lib_a-reent.o)
 .ARM.attributes
                0x00000952       0x34 c:/freescale/kds_3.0.0/toolchain/bin/../lib/gcc/arm-none-eabi/4.8.4/../../../../arm-none-eabi/lib/armv7e-m/fpu\libg_s.a(lib_a-signal.o)
 .ARM.attributes
                0x00000986       0x34 c:/freescale/kds_3.0.0/toolchain/bin/../lib/gcc/arm-none-eabi/4.8.4/../../../../arm-none-eabi/lib/armv7e-m/fpu\libg_s.a(lib_a-signalr.o)
 .ARM.attributes
                0x000009ba       0x34 c:/freescale/kds_3.0.0/toolchain/bin/../lib/gcc/arm-none-eabi/4.8.4/../../../../arm-none-eabi/lib/armv7e-m/fpu\libg_s.a(lib_a-stdio.o)
 .ARM.attributes
                0x000009ee       0x34 c:/freescale/kds_3.0.0/toolchain/bin/../lib/gcc/arm-none-eabi/4.8.4/../../../../arm-none-eabi/lib/armv7e-m/fpu\libg_s.a(lib_a-writer.o)
 .ARM.attributes
                0x00000a22       0x34 c:/freescale/kds_3.0.0/toolchain/bin/../lib/gcc/arm-none-eabi/4.8.4/../../../../arm-none-eabi/lib/armv7e-m/fpu\libg_s.a(lib_a-closer.o)
 .ARM.attributes
                0x00000a56       0x34 c:/freescale/kds_3.0.0/toolchain/bin/../lib/gcc/arm-none-eabi/4.8.4/../../../../arm-none-eabi/lib/armv7e-m/fpu\libg_s.a(lib_a-fstatr.o)
 .ARM.attributes
                0x00000a8a       0x34 c:/freescale/kds_3.0.0/toolchain/bin/../lib/gcc/arm-none-eabi/4.8.4/../../../../arm-none-eabi/lib/armv7e-m/fpu\libg_s.a(lib_a-isattyr.o)
 .ARM.attributes
                0x00000abe       0x34 c:/freescale/kds_3.0.0/toolchain/bin/../lib/gcc/arm-none-eabi/4.8.4/../../../../arm-none-eabi/lib/armv7e-m/fpu\libg_s.a(lib_a-lseekr.o)
 .ARM.attributes
                0x00000af2       0x34 c:/freescale/kds_3.0.0/toolchain/bin/../lib/gcc/arm-none-eabi/4.8.4/../../../../arm-none-eabi/lib/armv7e-m/fpu\libg_s.a(lib_a-readr.o)
 .ARM.attributes
                0x00000b26       0x34 c:/freescale/kds_3.0.0/toolchain/bin/../lib/gcc/arm-none-eabi/4.8.4/../../../../arm-none-eabi/lib/armv7e-m/fpu\libnosys.a(close.o)
 .ARM.attributes
                0x00000b5a       0x34 c:/freescale/kds_3.0.0/toolchain/bin/../lib/gcc/arm-none-eabi/4.8.4/../../../../arm-none-eabi/lib/armv7e-m/fpu\libnosys.a(fstat.o)
 .ARM.attributes
                0x00000b8e       0x34 c:/freescale/kds_3.0.0/toolchain/bin/../lib/gcc/arm-none-eabi/4.8.4/../../../../arm-none-eabi/lib/armv7e-m/fpu\libnosys.a(getpid.o)
 .ARM.attributes
                0x00000bc2       0x34 c:/freescale/kds_3.0.0/toolchain/bin/../lib/gcc/arm-none-eabi/4.8.4/../../../../arm-none-eabi/lib/armv7e-m/fpu\libnosys.a(isatty.o)
 .ARM.attributes
                0x00000bf6       0x34 c:/freescale/kds_3.0.0/toolchain/bin/../lib/gcc/arm-none-eabi/4.8.4/../../../../arm-none-eabi/lib/armv7e-m/fpu\libnosys.a(kill.o)
 .ARM.attributes
                0x00000c2a       0x34 c:/freescale/kds_3.0.0/toolchain/bin/../lib/gcc/arm-none-eabi/4.8.4/../../../../arm-none-eabi/lib/armv7e-m/fpu\libnosys.a(lseek.o)
 .ARM.attributes
                0x00000c5e       0x34 c:/freescale/kds_3.0.0/toolchain/bin/../lib/gcc/arm-none-eabi/4.8.4/../../../../arm-none-eabi/lib/armv7e-m/fpu\libnosys.a(sbrk.o)
 .ARM.attributes
                0x00000c92       0x34 c:/freescale/kds_3.0.0/toolchain/bin/../lib/gcc/arm-none-eabi/4.8.4/../../../../arm-none-eabi/lib/armv7e-m/fpu\libnosys.a(_exit.o)
 .ARM.attributes
                0x00000cc6       0x34 c:/freescale/kds_3.0.0/toolchain/bin/../lib/gcc/arm-none-eabi/4.8.4/armv7e-m/fpu/crtend.o
 .ARM.attributes
                0x00000cfa       0x22 c:/freescale/kds_3.0.0/toolchain/bin/../lib/gcc/arm-none-eabi/4.8.4/armv7e-m/fpu/crtn.o
                0x00000001                ASSERT ((__StackLimit >= __HeapLimit), region m_data_2 overflowed with stack and heap)
OUTPUT(LED Test.elf elf32-littlearm)

.debug_info     0x00000000     0xd93f
 .debug_info    0x00000000      0x875 ./frdmk64f/board.o
 .debug_info    0x00000875      0x313 ./frdmk64f/gpio_pins.o
 .debug_info    0x00000b88      0x12a ./frdmk64f/hardware_init.o
 .debug_info    0x00000cb2      0x70d ./frdmk64f/pin_mux.o
 .debug_info    0x000013bf      0x932 ./Utilities/fsl_debug_console.o
 .debug_info    0x00001cf1      0x5e9 ./Utilities/print_scan.o
 .debug_info    0x000022da      0x211 ./Sources/main.o
 .debug_info    0x000024eb      0x3a7 ./Project_Settings/Startup_Code/startup.o
 .debug_info    0x00002892       0x84 ./Project_Settings/Startup_Code/startup_MK64F12.o
 .debug_info    0x00002916      0x610 ./Project_Settings/Startup_Code/system_MK64F12.o
 .debug_info    0x00002f26      0xfb3 C:/Freescale/KSDK_1.2.0/lib/ksdk_platform_lib/kds/K64F12/debug/libksdk_platform.a(fsl_uart_hal.o)
 .debug_info    0x00003ed9     0x190a C:/Freescale/KSDK_1.2.0/lib/ksdk_platform_lib/kds/K64F12/debug/libksdk_platform.a(fsl_gpio_driver.o)
 .debug_info    0x000057e3     0x26ef C:/Freescale/KSDK_1.2.0/lib/ksdk_platform_lib/kds/K64F12/debug/libksdk_platform.a(fsl_clock_MK64F12.o)
 .debug_info    0x00007ed2     0x1ca0 C:/Freescale/KSDK_1.2.0/lib/ksdk_platform_lib/kds/K64F12/debug/libksdk_platform.a(fsl_clock_manager.o)
 .debug_info    0x00009b72      0x439 C:/Freescale/KSDK_1.2.0/lib/ksdk_platform_lib/kds/K64F12/debug/libksdk_platform.a(fsl_clock_manager_common.o)
 .debug_info    0x00009fab     0x1040 C:/Freescale/KSDK_1.2.0/lib/ksdk_platform_lib/kds/K64F12/debug/libksdk_platform.a(fsl_sim_hal_MK64F12.o)
 .debug_info    0x0000afeb      0x437 C:/Freescale/KSDK_1.2.0/lib/ksdk_platform_lib/kds/K64F12/debug/libksdk_platform.a(fsl_rtc_common.o)
 .debug_info    0x0000b422      0x10b C:/Freescale/KSDK_1.2.0/lib/ksdk_platform_lib/kds/K64F12/debug/libksdk_platform.a(fsl_osc_hal.o)
 .debug_info    0x0000b52d      0xdbd C:/Freescale/KSDK_1.2.0/lib/ksdk_platform_lib/kds/K64F12/debug/libksdk_platform.a(fsl_mcg_hal.o)
 .debug_info    0x0000c2ea      0xf11 C:/Freescale/KSDK_1.2.0/lib/ksdk_platform_lib/kds/K64F12/debug/libksdk_platform.a(fsl_mcg_hal_modes.o)
 .debug_info    0x0000d1fb      0x284 C:/Freescale/KSDK_1.2.0/lib/ksdk_platform_lib/kds/K64F12/debug/libksdk_platform.a(fsl_gpio_hal.o)
 .debug_info    0x0000d47f      0x4c0 C:/Freescale/KSDK_1.2.0/lib/ksdk_platform_lib/kds/K64F12/debug/libksdk_platform.a(fsl_gpio_common.o)

.debug_abbrev   0x00000000     0x2640
 .debug_abbrev  0x00000000      0x1af ./frdmk64f/board.o
 .debug_abbrev  0x000001af       0xae ./frdmk64f/gpio_pins.o
 .debug_abbrev  0x0000025d       0x8d ./frdmk64f/hardware_init.o
 .debug_abbrev  0x000002ea      0x14a ./frdmk64f/pin_mux.o
 .debug_abbrev  0x00000434      0x25a ./Utilities/fsl_debug_console.o
 .debug_abbrev  0x0000068e      0x19c ./Utilities/print_scan.o
 .debug_abbrev  0x0000082a       0xd7 ./Sources/main.o
 .debug_abbrev  0x00000901       0xfa ./Project_Settings/Startup_Code/startup.o
 .debug_abbrev  0x000009fb       0x14 ./Project_Settings/Startup_Code/startup_MK64F12.o
 .debug_abbrev  0x00000a0f      0x11a ./Project_Settings/Startup_Code/system_MK64F12.o
 .debug_abbrev  0x00000b29      0x2ee C:/Freescale/KSDK_1.2.0/lib/ksdk_platform_lib/kds/K64F12/debug/libksdk_platform.a(fsl_uart_hal.o)
 .debug_abbrev  0x00000e17      0x38a C:/Freescale/KSDK_1.2.0/lib/ksdk_platform_lib/kds/K64F12/debug/libksdk_platform.a(fsl_gpio_driver.o)
 .debug_abbrev  0x000011a1      0x42d C:/Freescale/KSDK_1.2.0/lib/ksdk_platform_lib/kds/K64F12/debug/libksdk_platform.a(fsl_clock_MK64F12.o)
 .debug_abbrev  0x000015ce      0x3ce C:/Freescale/KSDK_1.2.0/lib/ksdk_platform_lib/kds/K64F12/debug/libksdk_platform.a(fsl_clock_manager.o)
 .debug_abbrev  0x0000199c       0xec C:/Freescale/KSDK_1.2.0/lib/ksdk_platform_lib/kds/K64F12/debug/libksdk_platform.a(fsl_clock_manager_common.o)
 .debug_abbrev  0x00001a88      0x1d7 C:/Freescale/KSDK_1.2.0/lib/ksdk_platform_lib/kds/K64F12/debug/libksdk_platform.a(fsl_sim_hal_MK64F12.o)
 .debug_abbrev  0x00001c5f       0xe6 C:/Freescale/KSDK_1.2.0/lib/ksdk_platform_lib/kds/K64F12/debug/libksdk_platform.a(fsl_rtc_common.o)
 .debug_abbrev  0x00001d45       0xb9 C:/Freescale/KSDK_1.2.0/lib/ksdk_platform_lib/kds/K64F12/debug/libksdk_platform.a(fsl_osc_hal.o)
 .debug_abbrev  0x00001dfe      0x339 C:/Freescale/KSDK_1.2.0/lib/ksdk_platform_lib/kds/K64F12/debug/libksdk_platform.a(fsl_mcg_hal.o)
 .debug_abbrev  0x00002137      0x315 C:/Freescale/KSDK_1.2.0/lib/ksdk_platform_lib/kds/K64F12/debug/libksdk_platform.a(fsl_mcg_hal_modes.o)
 .debug_abbrev  0x0000244c      0x126 C:/Freescale/KSDK_1.2.0/lib/ksdk_platform_lib/kds/K64F12/debug/libksdk_platform.a(fsl_gpio_hal.o)
 .debug_abbrev  0x00002572       0xce C:/Freescale/KSDK_1.2.0/lib/ksdk_platform_lib/kds/K64F12/debug/libksdk_platform.a(fsl_gpio_common.o)

.debug_aranges  0x00000000      0x8c8
 .debug_aranges
                0x00000000       0x48 ./frdmk64f/board.o
 .debug_aranges
                0x00000048       0x18 ./frdmk64f/gpio_pins.o
 .debug_aranges
                0x00000060       0x20 ./frdmk64f/hardware_init.o
 .debug_aranges
                0x00000080       0xc0 ./frdmk64f/pin_mux.o
 .debug_aranges
                0x00000140       0x80 ./Utilities/fsl_debug_console.o
 .debug_aranges
                0x000001c0       0x48 ./Utilities/print_scan.o
 .debug_aranges
                0x00000208       0x20 ./Sources/main.o
 .debug_aranges
                0x00000228       0x20 ./Project_Settings/Startup_Code/startup.o
 .debug_aranges
                0x00000248       0x20 ./Project_Settings/Startup_Code/startup_MK64F12.o
 .debug_aranges
                0x00000268       0x28 ./Project_Settings/Startup_Code/system_MK64F12.o
 .debug_aranges
                0x00000290      0x128 C:/Freescale/KSDK_1.2.0/lib/ksdk_platform_lib/kds/K64F12/debug/libksdk_platform.a(fsl_uart_hal.o)
 .debug_aranges
                0x000003b8       0x90 C:/Freescale/KSDK_1.2.0/lib/ksdk_platform_lib/kds/K64F12/debug/libksdk_platform.a(fsl_gpio_driver.o)
 .debug_aranges
                0x00000448      0x198 C:/Freescale/KSDK_1.2.0/lib/ksdk_platform_lib/kds/K64F12/debug/libksdk_platform.a(fsl_clock_MK64F12.o)
 .debug_aranges
                0x000005e0       0x70 C:/Freescale/KSDK_1.2.0/lib/ksdk_platform_lib/kds/K64F12/debug/libksdk_platform.a(fsl_clock_manager.o)
 .debug_aranges
                0x00000650       0x18 C:/Freescale/KSDK_1.2.0/lib/ksdk_platform_lib/kds/K64F12/debug/libksdk_platform.a(fsl_clock_manager_common.o)
 .debug_aranges
                0x00000668       0xd0 C:/Freescale/KSDK_1.2.0/lib/ksdk_platform_lib/kds/K64F12/debug/libksdk_platform.a(fsl_sim_hal_MK64F12.o)
 .debug_aranges
                0x00000738       0x18 C:/Freescale/KSDK_1.2.0/lib/ksdk_platform_lib/kds/K64F12/debug/libksdk_platform.a(fsl_rtc_common.o)
 .debug_aranges
                0x00000750       0x20 C:/Freescale/KSDK_1.2.0/lib/ksdk_platform_lib/kds/K64F12/debug/libksdk_platform.a(fsl_osc_hal.o)
 .debug_aranges
                0x00000770       0xb0 C:/Freescale/KSDK_1.2.0/lib/ksdk_platform_lib/kds/K64F12/debug/libksdk_platform.a(fsl_mcg_hal.o)
 .debug_aranges
                0x00000820       0x68 C:/Freescale/KSDK_1.2.0/lib/ksdk_platform_lib/kds/K64F12/debug/libksdk_platform.a(fsl_mcg_hal_modes.o)
 .debug_aranges
                0x00000888       0x28 C:/Freescale/KSDK_1.2.0/lib/ksdk_platform_lib/kds/K64F12/debug/libksdk_platform.a(fsl_gpio_hal.o)
 .debug_aranges
                0x000008b0       0x18 C:/Freescale/KSDK_1.2.0/lib/ksdk_platform_lib/kds/K64F12/debug/libksdk_platform.a(fsl_gpio_common.o)

.debug_ranges   0x00000000      0x930
 .debug_ranges  0x00000000       0x38 ./frdmk64f/board.o
 .debug_ranges  0x00000038       0x10 ./frdmk64f/hardware_init.o
 .debug_ranges  0x00000048       0xb0 ./frdmk64f/pin_mux.o
 .debug_ranges  0x000000f8       0x70 ./Utilities/fsl_debug_console.o
 .debug_ranges  0x00000168       0x38 ./Utilities/print_scan.o
 .debug_ranges  0x000001a0       0x10 ./Sources/main.o
 .debug_ranges  0x000001b0       0x10 ./Project_Settings/Startup_Code/startup.o
 .debug_ranges  0x000001c0       0x18 ./Project_Settings/Startup_Code/system_MK64F12.o
 .debug_ranges  0x000001d8      0x130 C:/Freescale/KSDK_1.2.0/lib/ksdk_platform_lib/kds/K64F12/debug/libksdk_platform.a(fsl_uart_hal.o)
 .debug_ranges  0x00000308      0x140 C:/Freescale/KSDK_1.2.0/lib/ksdk_platform_lib/kds/K64F12/debug/libksdk_platform.a(fsl_gpio_driver.o)
 .debug_ranges  0x00000448      0x188 C:/Freescale/KSDK_1.2.0/lib/ksdk_platform_lib/kds/K64F12/debug/libksdk_platform.a(fsl_clock_MK64F12.o)
 .debug_ranges  0x000005d0       0xa8 C:/Freescale/KSDK_1.2.0/lib/ksdk_platform_lib/kds/K64F12/debug/libksdk_platform.a(fsl_clock_manager.o)
 .debug_ranges  0x00000678       0xc0 C:/Freescale/KSDK_1.2.0/lib/ksdk_platform_lib/kds/K64F12/debug/libksdk_platform.a(fsl_sim_hal_MK64F12.o)
 .debug_ranges  0x00000738       0x10 C:/Freescale/KSDK_1.2.0/lib/ksdk_platform_lib/kds/K64F12/debug/libksdk_platform.a(fsl_osc_hal.o)
 .debug_ranges  0x00000748       0xb8 C:/Freescale/KSDK_1.2.0/lib/ksdk_platform_lib/kds/K64F12/debug/libksdk_platform.a(fsl_mcg_hal.o)
 .debug_ranges  0x00000800      0x118 C:/Freescale/KSDK_1.2.0/lib/ksdk_platform_lib/kds/K64F12/debug/libksdk_platform.a(fsl_mcg_hal_modes.o)
 .debug_ranges  0x00000918       0x18 C:/Freescale/KSDK_1.2.0/lib/ksdk_platform_lib/kds/K64F12/debug/libksdk_platform.a(fsl_gpio_hal.o)

.debug_macro    0x00000000    0x328e8
 .debug_macro   0x00000000      0x27a ./frdmk64f/board.o
 .debug_macro   0x0000027a      0x856 ./frdmk64f/board.o
 .debug_macro   0x00000ad0       0x16 ./frdmk64f/board.o
 .debug_macro   0x00000ae6       0x44 ./frdmk64f/board.o
 .debug_macro   0x00000b2a      0x209 ./frdmk64f/board.o
 .debug_macro   0x00000d33       0x58 ./frdmk64f/board.o
 .debug_macro   0x00000d8b       0x35 ./frdmk64f/board.o
 .debug_macro   0x00000dc0       0xa3 ./frdmk64f/board.o
 .debug_macro   0x00000e63       0x16 ./frdmk64f/board.o
 .debug_macro   0x00000e79      0x10e ./frdmk64f/board.o
 .debug_macro   0x00000f87       0x7f ./frdmk64f/board.o
 .debug_macro   0x00001006       0x52 ./frdmk64f/board.o
 .debug_macro   0x00001058       0x16 ./frdmk64f/board.o
 .debug_macro   0x0000106e       0x43 ./frdmk64f/board.o
 .debug_macro   0x000010b1      0x180 ./frdmk64f/board.o
 .debug_macro   0x00001231       0x22 ./frdmk64f/board.o
 .debug_macro   0x00001253       0x22 ./frdmk64f/board.o
 .debug_macro   0x00001275       0x16 ./frdmk64f/board.o
 .debug_macro   0x0000128b       0x11 ./frdmk64f/board.o
 .debug_macro   0x0000129c       0x68 ./frdmk64f/board.o
 .debug_macro   0x00001304       0x3b ./frdmk64f/board.o
 .debug_macro   0x0000133f       0x2d ./frdmk64f/board.o
 .debug_macro   0x0000136c       0x26 ./frdmk64f/board.o
 .debug_macro   0x00001392      0xc13 ./frdmk64f/board.o
 .debug_macro   0x00001fa5       0x78 ./frdmk64f/board.o
 .debug_macro   0x0000201d    0x1773b ./frdmk64f/board.o
 .debug_macro   0x00019758       0x1c ./frdmk64f/board.o
 .debug_macro   0x00019774    0x16266 ./frdmk64f/board.o
 .debug_macro   0x0002f9da     0x1130 ./frdmk64f/board.o
 .debug_macro   0x00030b0a       0x10 ./frdmk64f/board.o
 .debug_macro   0x00030b1a       0x22 ./frdmk64f/board.o
 .debug_macro   0x00030b3c      0x273 ./frdmk64f/board.o
 .debug_macro   0x00030daf       0x11 ./frdmk64f/board.o
 .debug_macro   0x00030dc0       0x10 ./frdmk64f/board.o
 .debug_macro   0x00030dd0       0x1c ./frdmk64f/board.o
 .debug_macro   0x00030dec       0x10 ./frdmk64f/board.o
 .debug_macro   0x00030dfc       0x44 ./frdmk64f/board.o
 .debug_macro   0x00030e40       0x22 ./frdmk64f/board.o
 .debug_macro   0x00030e62      0x1a4 ./frdmk64f/gpio_pins.o
 .debug_macro   0x00031006      0x267 ./frdmk64f/hardware_init.o
 .debug_macro   0x0003126d      0x1aa ./frdmk64f/pin_mux.o
 .debug_macro   0x00031417       0x16 ./frdmk64f/pin_mux.o
 .debug_macro   0x0003142d       0x56 ./frdmk64f/pin_mux.o
 .debug_macro   0x00031483       0x16 ./frdmk64f/pin_mux.o
 .debug_macro   0x00031499      0x2b8 ./Utilities/fsl_debug_console.o
 .debug_macro   0x00031751       0x58 ./Utilities/fsl_debug_console.o
 .debug_macro   0x000317a9       0x16 ./Utilities/fsl_debug_console.o
 .debug_macro   0x000317bf       0x97 ./Utilities/fsl_debug_console.o
 .debug_macro   0x00031856       0xef ./Utilities/fsl_debug_console.o
 .debug_macro   0x00031945       0x4a ./Utilities/fsl_debug_console.o
 .debug_macro   0x0003198f       0x10 ./Utilities/fsl_debug_console.o
 .debug_macro   0x0003199f       0x22 ./Utilities/fsl_debug_console.o
 .debug_macro   0x000319c1       0xbd ./Utilities/fsl_debug_console.o
 .debug_macro   0x00031a7e       0x16 ./Utilities/fsl_debug_console.o
 .debug_macro   0x00031a94      0x14a ./Utilities/fsl_debug_console.o
 .debug_macro   0x00031bde       0x35 ./Utilities/fsl_debug_console.o
 .debug_macro   0x00031c13      0x20f ./Utilities/fsl_debug_console.o
 .debug_macro   0x00031e22      0x2a6 ./Utilities/fsl_debug_console.o
 .debug_macro   0x000320c8       0x10 ./Utilities/fsl_debug_console.o
 .debug_macro   0x000320d8      0x257 ./Utilities/print_scan.o
 .debug_macro   0x0003232f       0x10 ./Utilities/print_scan.o
 .debug_macro   0x0003233f       0x52 ./Utilities/print_scan.o
 .debug_macro   0x00032391       0x94 ./Utilities/print_scan.o
 .debug_macro   0x00032425      0x1f0 ./Sources/main.o
 .debug_macro   0x00032615      0x171 ./Project_Settings/Startup_Code/startup.o
 .debug_macro   0x00032786      0x162 ./Project_Settings/Startup_Code/system_MK64F12.o

.debug_line     0x00000000     0x5e35
 .debug_line    0x00000000      0x659 ./frdmk64f/board.o
 .debug_line    0x00000659      0x3db ./frdmk64f/gpio_pins.o
 .debug_line    0x00000a34      0x5da ./frdmk64f/hardware_init.o
 .debug_line    0x0000100e      0x630 ./frdmk64f/pin_mux.o
 .debug_line    0x0000163e      0x749 ./Utilities/fsl_debug_console.o
 .debug_line    0x00001d87      0x64f ./Utilities/print_scan.o
 .debug_line    0x000023d6      0x4e9 ./Sources/main.o
 .debug_line    0x000028bf      0x364 ./Project_Settings/Startup_Code/startup.o
 .debug_line    0x00002c23       0x6a ./Project_Settings/Startup_Code/startup_MK64F12.o
 .debug_line    0x00002c8d      0x397 ./Project_Settings/Startup_Code/system_MK64F12.o
 .debug_line    0x00003024      0x5f0 C:/Freescale/KSDK_1.2.0/lib/ksdk_platform_lib/kds/K64F12/debug/libksdk_platform.a(fsl_uart_hal.o)
 .debug_line    0x00003614      0x4ce C:/Freescale/KSDK_1.2.0/lib/ksdk_platform_lib/kds/K64F12/debug/libksdk_platform.a(fsl_gpio_driver.o)
 .debug_line    0x00003ae2      0x8af C:/Freescale/KSDK_1.2.0/lib/ksdk_platform_lib/kds/K64F12/debug/libksdk_platform.a(fsl_clock_MK64F12.o)
 .debug_line    0x00004391      0x5c5 C:/Freescale/KSDK_1.2.0/lib/ksdk_platform_lib/kds/K64F12/debug/libksdk_platform.a(fsl_clock_manager.o)
 .debug_line    0x00004956      0x1b3 C:/Freescale/KSDK_1.2.0/lib/ksdk_platform_lib/kds/K64F12/debug/libksdk_platform.a(fsl_clock_manager_common.o)
 .debug_line    0x00004b09      0x4d8 C:/Freescale/KSDK_1.2.0/lib/ksdk_platform_lib/kds/K64F12/debug/libksdk_platform.a(fsl_sim_hal_MK64F12.o)
 .debug_line    0x00004fe1      0x128 C:/Freescale/KSDK_1.2.0/lib/ksdk_platform_lib/kds/K64F12/debug/libksdk_platform.a(fsl_rtc_common.o)
 .debug_line    0x00005109      0x131 C:/Freescale/KSDK_1.2.0/lib/ksdk_platform_lib/kds/K64F12/debug/libksdk_platform.a(fsl_osc_hal.o)
 .debug_line    0x0000523a      0x413 C:/Freescale/KSDK_1.2.0/lib/ksdk_platform_lib/kds/K64F12/debug/libksdk_platform.a(fsl_mcg_hal.o)
 .debug_line    0x0000564d      0x4ea C:/Freescale/KSDK_1.2.0/lib/ksdk_platform_lib/kds/K64F12/debug/libksdk_platform.a(fsl_mcg_hal_modes.o)
 .debug_line    0x00005b37      0x1d4 C:/Freescale/KSDK_1.2.0/lib/ksdk_platform_lib/kds/K64F12/debug/libksdk_platform.a(fsl_gpio_hal.o)
 .debug_line    0x00005d0b      0x12a C:/Freescale/KSDK_1.2.0/lib/ksdk_platform_lib/kds/K64F12/debug/libksdk_platform.a(fsl_gpio_common.o)

.debug_str      0x00000000   0x1a5060
 .debug_str     0x00000000   0x19e09a ./frdmk64f/board.o
                             0x19e332 (size before relaxing)
 .debug_str     0x0019e09a      0x330 ./frdmk64f/gpio_pins.o
                             0x19cd4b (size before relaxing)
 .debug_str     0x0019e3ca       0x2a ./frdmk64f/hardware_init.o
                             0x19db3b (size before relaxing)
 .debug_str     0x0019e3f4      0x201 ./frdmk64f/pin_mux.o
                             0x19cd4f (size before relaxing)
 .debug_str     0x0019e5f5     0x2008 ./Utilities/fsl_debug_console.o
                             0x19eea6 (size before relaxing)
 .debug_str     0x001a05fd      0x89e ./Utilities/print_scan.o
                               0x68fc (size before relaxing)
 .debug_str     0x001a0e9b       0x50 ./Sources/main.o
                             0x19db3e (size before relaxing)
 .debug_str     0x001a0eeb      0x15e ./Project_Settings/Startup_Code/startup.o
                             0x19c97a (size before relaxing)
 .debug_str     0x001a1049      0x19c ./Project_Settings/Startup_Code/system_MK64F12.o
                             0x19ca35 (size before relaxing)
 .debug_str     0x001a11e5      0xb15 C:/Freescale/KSDK_1.2.0/lib/ksdk_platform_lib/kds/K64F12/debug/libksdk_platform.a(fsl_uart_hal.o)
                                0xeb7 (size before relaxing)
 .debug_str     0x001a1cfa      0x82b C:/Freescale/KSDK_1.2.0/lib/ksdk_platform_lib/kds/K64F12/debug/libksdk_platform.a(fsl_gpio_driver.o)
                                0xfde (size before relaxing)
 .debug_str     0x001a2525     0x1406 C:/Freescale/KSDK_1.2.0/lib/ksdk_platform_lib/kds/K64F12/debug/libksdk_platform.a(fsl_clock_MK64F12.o)
                               0x1bf3 (size before relaxing)
 .debug_str     0x001a392b      0x995 C:/Freescale/KSDK_1.2.0/lib/ksdk_platform_lib/kds/K64F12/debug/libksdk_platform.a(fsl_clock_manager.o)
                               0x191b (size before relaxing)
 .debug_str     0x001a42c0       0x61 C:/Freescale/KSDK_1.2.0/lib/ksdk_platform_lib/kds/K64F12/debug/libksdk_platform.a(fsl_clock_manager_common.o)
                                0x39e (size before relaxing)
 .debug_str     0x001a4321      0x5da C:/Freescale/KSDK_1.2.0/lib/ksdk_platform_lib/kds/K64F12/debug/libksdk_platform.a(fsl_sim_hal_MK64F12.o)
                                0x99c (size before relaxing)
 .debug_str     0x001a48fb       0x5f C:/Freescale/KSDK_1.2.0/lib/ksdk_platform_lib/kds/K64F12/debug/libksdk_platform.a(fsl_rtc_common.o)
                                0x766 (size before relaxing)
 .debug_str     0x001a495a       0x43 C:/Freescale/KSDK_1.2.0/lib/ksdk_platform_lib/kds/K64F12/debug/libksdk_platform.a(fsl_osc_hal.o)
                                0x267 (size before relaxing)
 .debug_str     0x001a499d      0x509 C:/Freescale/KSDK_1.2.0/lib/ksdk_platform_lib/kds/K64F12/debug/libksdk_platform.a(fsl_mcg_hal.o)
                                0xb63 (size before relaxing)
 .debug_str     0x001a4ea6      0x139 C:/Freescale/KSDK_1.2.0/lib/ksdk_platform_lib/kds/K64F12/debug/libksdk_platform.a(fsl_mcg_hal_modes.o)
                                0xad2 (size before relaxing)
 .debug_str     0x001a4fdf       0x3d C:/Freescale/KSDK_1.2.0/lib/ksdk_platform_lib/kds/K64F12/debug/libksdk_platform.a(fsl_gpio_hal.o)
                                0x304 (size before relaxing)
 .debug_str     0x001a501c       0x44 C:/Freescale/KSDK_1.2.0/lib/ksdk_platform_lib/kds/K64F12/debug/libksdk_platform.a(fsl_gpio_common.o)
                                0x7b7 (size before relaxing)

.comment        0x00000000       0x70
 .comment       0x00000000       0x70 ./frdmk64f/board.o
                                 0x71 (size before relaxing)
 .comment       0x00000000       0x71 ./frdmk64f/gpio_pins.o
 .comment       0x00000000       0x71 ./frdmk64f/hardware_init.o
 .comment       0x00000000       0x71 ./frdmk64f/pin_mux.o
 .comment       0x00000000       0x71 ./Utilities/fsl_debug_console.o
 .comment       0x00000000       0x71 ./Utilities/print_scan.o
 .comment       0x00000000       0x71 ./Sources/main.o
 .comment       0x00000000       0x71 ./Project_Settings/Startup_Code/startup.o
 .comment       0x00000000       0x71 ./Project_Settings/Startup_Code/system_MK64F12.o
 .comment       0x00000000       0x71 C:/Freescale/KSDK_1.2.0/lib/ksdk_platform_lib/kds/K64F12/debug/libksdk_platform.a(fsl_uart_hal.o)
 .comment       0x00000000       0x71 C:/Freescale/KSDK_1.2.0/lib/ksdk_platform_lib/kds/K64F12/debug/libksdk_platform.a(fsl_gpio_driver.o)
 .comment       0x00000000       0x71 C:/Freescale/KSDK_1.2.0/lib/ksdk_platform_lib/kds/K64F12/debug/libksdk_platform.a(fsl_clock_MK64F12.o)
 .comment       0x00000000       0x71 C:/Freescale/KSDK_1.2.0/lib/ksdk_platform_lib/kds/K64F12/debug/libksdk_platform.a(fsl_clock_manager.o)
 .comment       0x00000000       0x71 C:/Freescale/KSDK_1.2.0/lib/ksdk_platform_lib/kds/K64F12/debug/libksdk_platform.a(fsl_clock_manager_common.o)
 .comment       0x00000000       0x71 C:/Freescale/KSDK_1.2.0/lib/ksdk_platform_lib/kds/K64F12/debug/libksdk_platform.a(fsl_sim_hal_MK64F12.o)
 .comment       0x00000000       0x71 C:/Freescale/KSDK_1.2.0/lib/ksdk_platform_lib/kds/K64F12/debug/libksdk_platform.a(fsl_rtc_common.o)
 .comment       0x00000000       0x71 C:/Freescale/KSDK_1.2.0/lib/ksdk_platform_lib/kds/K64F12/debug/libksdk_platform.a(fsl_osc_hal.o)
 .comment       0x00000000       0x71 C:/Freescale/KSDK_1.2.0/lib/ksdk_platform_lib/kds/K64F12/debug/libksdk_platform.a(fsl_mcg_hal.o)
 .comment       0x00000000       0x71 C:/Freescale/KSDK_1.2.0/lib/ksdk_platform_lib/kds/K64F12/debug/libksdk_platform.a(fsl_mcg_hal_modes.o)
 .comment       0x00000000       0x71 C:/Freescale/KSDK_1.2.0/lib/ksdk_platform_lib/kds/K64F12/debug/libksdk_platform.a(fsl_gpio_hal.o)
 .comment       0x00000000       0x71 C:/Freescale/KSDK_1.2.0/lib/ksdk_platform_lib/kds/K64F12/debug/libksdk_platform.a(fsl_gpio_common.o)

.debug_frame    0x00000000     0x1e98
 .debug_frame   0x00000000       0xc4 ./frdmk64f/board.o
 .debug_frame   0x000000c4       0x2c ./frdmk64f/hardware_init.o
 .debug_frame   0x000000f0      0x2b0 ./frdmk64f/pin_mux.o
 .debug_frame   0x000003a0      0x1b4 ./Utilities/fsl_debug_console.o
 .debug_frame   0x00000554       0xc4 ./Utilities/print_scan.o
 .debug_frame   0x00000618       0x2c ./Sources/main.o
 .debug_frame   0x00000644       0x2c ./Project_Settings/Startup_Code/startup.o
 .debug_frame   0x00000670       0x44 ./Project_Settings/Startup_Code/system_MK64F12.o
 .debug_frame   0x000006b4      0x29c C:/Freescale/KSDK_1.2.0/lib/ksdk_platform_lib/kds/K64F12/debug/libksdk_platform.a(fsl_uart_hal.o)
 .debug_frame   0x00000950      0x180 C:/Freescale/KSDK_1.2.0/lib/ksdk_platform_lib/kds/K64F12/debug/libksdk_platform.a(fsl_gpio_driver.o)
 .debug_frame   0x00000ad0      0x41c C:/Freescale/KSDK_1.2.0/lib/ksdk_platform_lib/kds/K64F12/debug/libksdk_platform.a(fsl_clock_MK64F12.o)
 .debug_frame   0x00000eec      0x114 C:/Freescale/KSDK_1.2.0/lib/ksdk_platform_lib/kds/K64F12/debug/libksdk_platform.a(fsl_clock_manager.o)
 .debug_frame   0x00001000      0x244 C:/Freescale/KSDK_1.2.0/lib/ksdk_platform_lib/kds/K64F12/debug/libksdk_platform.a(fsl_sim_hal_MK64F12.o)
 .debug_frame   0x00001244       0x20 C:/Freescale/KSDK_1.2.0/lib/ksdk_platform_lib/kds/K64F12/debug/libksdk_platform.a(fsl_osc_hal.o)
 .debug_frame   0x00001264      0x1b8 C:/Freescale/KSDK_1.2.0/lib/ksdk_platform_lib/kds/K64F12/debug/libksdk_platform.a(fsl_mcg_hal.o)
 .debug_frame   0x0000141c      0x140 C:/Freescale/KSDK_1.2.0/lib/ksdk_platform_lib/kds/K64F12/debug/libksdk_platform.a(fsl_mcg_hal_modes.o)
 .debug_frame   0x0000155c       0x40 C:/Freescale/KSDK_1.2.0/lib/ksdk_platform_lib/kds/K64F12/debug/libksdk_platform.a(fsl_gpio_hal.o)
 .debug_frame   0x0000159c       0x48 c:/freescale/kds_3.0.0/toolchain/bin/../lib/gcc/arm-none-eabi/4.8.4/../../../../arm-none-eabi/lib/armv7e-m/fpu\libg_s.a(lib_a-assert.o)
 .debug_frame   0x000015e4       0x28 c:/freescale/kds_3.0.0/toolchain/bin/../lib/gcc/arm-none-eabi/4.8.4/../../../../arm-none-eabi/lib/armv7e-m/fpu\libg_s.a(lib_a-exit.o)
 .debug_frame   0x0000160c       0x58 c:/freescale/kds_3.0.0/toolchain/bin/../lib/gcc/arm-none-eabi/4.8.4/../../../../arm-none-eabi/lib/armv7e-m/fpu\libg_s.a(lib_a-fprintf.o)
 .debug_frame   0x00001664       0x2c c:/freescale/kds_3.0.0/toolchain/bin/../lib/gcc/arm-none-eabi/4.8.4/../../../../arm-none-eabi/lib/armv7e-m/fpu\libg_s.a(lib_a-init.o)
 .debug_frame   0x00001690       0x20 c:/freescale/kds_3.0.0/toolchain/bin/../lib/gcc/arm-none-eabi/4.8.4/../../../../arm-none-eabi/lib/armv7e-m/fpu\libg_s.a(lib_a-memset.o)
 .debug_frame   0x000016b0       0x2c c:/freescale/kds_3.0.0/toolchain/bin/../lib/gcc/arm-none-eabi/4.8.4/../../../../arm-none-eabi/lib/armv7e-m/fpu\libg_s.a(lib_a-nano-freer.o)
 .debug_frame   0x000016dc       0x2c c:/freescale/kds_3.0.0/toolchain/bin/../lib/gcc/arm-none-eabi/4.8.4/../../../../arm-none-eabi/lib/armv7e-m/fpu\libg_s.a(lib_a-nano-mallocr.o)
 .debug_frame   0x00001708       0x2c c:/freescale/kds_3.0.0/toolchain/bin/../lib/gcc/arm-none-eabi/4.8.4/../../../../arm-none-eabi/lib/armv7e-m/fpu\libg_s.a(lib_a-sbrkr.o)
 .debug_frame   0x00001734       0x20 c:/freescale/kds_3.0.0/toolchain/bin/../lib/gcc/arm-none-eabi/4.8.4/../../../../arm-none-eabi/lib/armv7e-m/fpu\libg_s.a(lib_a-strlen.o)
 .debug_frame   0x00001754       0xa8 c:/freescale/kds_3.0.0/toolchain/bin/../lib/gcc/arm-none-eabi/4.8.4/../../../../arm-none-eabi/lib/armv7e-m/fpu\libg_s.a(lib_a-vfprintf.o)
 .debug_frame   0x000017fc       0x60 c:/freescale/kds_3.0.0/toolchain/bin/../lib/gcc/arm-none-eabi/4.8.4/../../../../arm-none-eabi/lib/armv7e-m/fpu\libg_s.a(lib_a-vfprintf_i.o)
 .debug_frame   0x0000185c       0x3c c:/freescale/kds_3.0.0/toolchain/bin/../lib/gcc/arm-none-eabi/4.8.4/../../../../arm-none-eabi/lib/armv7e-m/fpu\libg_s.a(lib_a-wbuf.o)
 .debug_frame   0x00001898       0x2c c:/freescale/kds_3.0.0/toolchain/bin/../lib/gcc/arm-none-eabi/4.8.4/../../../../arm-none-eabi/lib/armv7e-m/fpu\libg_s.a(lib_a-wsetup.o)
 .debug_frame   0x000018c4       0x28 c:/freescale/kds_3.0.0/toolchain/bin/../lib/gcc/arm-none-eabi/4.8.4/../../../../arm-none-eabi/lib/armv7e-m/fpu\libg_s.a(lib_a-abort.o)
 .debug_frame   0x000018ec       0x5c c:/freescale/kds_3.0.0/toolchain/bin/../lib/gcc/arm-none-eabi/4.8.4/../../../../arm-none-eabi/lib/armv7e-m/fpu\libg_s.a(lib_a-fflush.o)
 .debug_frame   0x00001948      0x12c c:/freescale/kds_3.0.0/toolchain/bin/../lib/gcc/arm-none-eabi/4.8.4/../../../../arm-none-eabi/lib/armv7e-m/fpu\libg_s.a(lib_a-findfp.o)
 .debug_frame   0x00001a74       0x30 c:/freescale/kds_3.0.0/toolchain/bin/../lib/gcc/arm-none-eabi/4.8.4/../../../../arm-none-eabi/lib/armv7e-m/fpu\libg_s.a(lib_a-makebuf.o)
 .debug_frame   0x00001aa4       0x28 c:/freescale/kds_3.0.0/toolchain/bin/../lib/gcc/arm-none-eabi/4.8.4/../../../../arm-none-eabi/lib/armv7e-m/fpu\libg_s.a(lib_a-memchr-stub.o)
 .debug_frame   0x00001acc       0x48 c:/freescale/kds_3.0.0/toolchain/bin/../lib/gcc/arm-none-eabi/4.8.4/../../../../arm-none-eabi/lib/armv7e-m/fpu\libg_s.a(lib_a-reent.o)
 .debug_frame   0x00001b14       0xc0 c:/freescale/kds_3.0.0/toolchain/bin/../lib/gcc/arm-none-eabi/4.8.4/../../../../arm-none-eabi/lib/armv7e-m/fpu\libg_s.a(lib_a-signal.o)
 .debug_frame   0x00001bd4       0x3c c:/freescale/kds_3.0.0/toolchain/bin/../lib/gcc/arm-none-eabi/4.8.4/../../../../arm-none-eabi/lib/armv7e-m/fpu\libg_s.a(lib_a-signalr.o)
 .debug_frame   0x00001c10       0x80 c:/freescale/kds_3.0.0/toolchain/bin/../lib/gcc/arm-none-eabi/4.8.4/../../../../arm-none-eabi/lib/armv7e-m/fpu\libg_s.a(lib_a-stdio.o)
 .debug_frame   0x00001c90       0x2c c:/freescale/kds_3.0.0/toolchain/bin/../lib/gcc/arm-none-eabi/4.8.4/../../../../arm-none-eabi/lib/armv7e-m/fpu\libg_s.a(lib_a-writer.o)
 .debug_frame   0x00001cbc       0x2c c:/freescale/kds_3.0.0/toolchain/bin/../lib/gcc/arm-none-eabi/4.8.4/../../../../arm-none-eabi/lib/armv7e-m/fpu\libg_s.a(lib_a-closer.o)
 .debug_frame   0x00001ce8       0x2c c:/freescale/kds_3.0.0/toolchain/bin/../lib/gcc/arm-none-eabi/4.8.4/../../../../arm-none-eabi/lib/armv7e-m/fpu\libg_s.a(lib_a-fstatr.o)
 .debug_frame   0x00001d14       0x2c c:/freescale/kds_3.0.0/toolchain/bin/../lib/gcc/arm-none-eabi/4.8.4/../../../../arm-none-eabi/lib/armv7e-m/fpu\libg_s.a(lib_a-isattyr.o)
 .debug_frame   0x00001d40       0x2c c:/freescale/kds_3.0.0/toolchain/bin/../lib/gcc/arm-none-eabi/4.8.4/../../../../arm-none-eabi/lib/armv7e-m/fpu\libg_s.a(lib_a-lseekr.o)
 .debug_frame   0x00001d6c       0x2c c:/freescale/kds_3.0.0/toolchain/bin/../lib/gcc/arm-none-eabi/4.8.4/../../../../arm-none-eabi/lib/armv7e-m/fpu\libg_s.a(lib_a-readr.o)
 .debug_frame   0x00001d98       0x20 c:/freescale/kds_3.0.0/toolchain/bin/../lib/gcc/arm-none-eabi/4.8.4/../../../../arm-none-eabi/lib/armv7e-m/fpu\libnosys.a(close.o)
 .debug_frame   0x00001db8       0x20 c:/freescale/kds_3.0.0/toolchain/bin/../lib/gcc/arm-none-eabi/4.8.4/../../../../arm-none-eabi/lib/armv7e-m/fpu\libnosys.a(fstat.o)
 .debug_frame   0x00001dd8       0x20 c:/freescale/kds_3.0.0/toolchain/bin/../lib/gcc/arm-none-eabi/4.8.4/../../../../arm-none-eabi/lib/armv7e-m/fpu\libnosys.a(getpid.o)
 .debug_frame   0x00001df8       0x20 c:/freescale/kds_3.0.0/toolchain/bin/../lib/gcc/arm-none-eabi/4.8.4/../../../../arm-none-eabi/lib/armv7e-m/fpu\libnosys.a(isatty.o)
 .debug_frame   0x00001e18       0x20 c:/freescale/kds_3.0.0/toolchain/bin/../lib/gcc/arm-none-eabi/4.8.4/../../../../arm-none-eabi/lib/armv7e-m/fpu\libnosys.a(kill.o)
 .debug_frame   0x00001e38       0x20 c:/freescale/kds_3.0.0/toolchain/bin/../lib/gcc/arm-none-eabi/4.8.4/../../../../arm-none-eabi/lib/armv7e-m/fpu\libnosys.a(lseek.o)
 .debug_frame   0x00001e58       0x20 c:/freescale/kds_3.0.0/toolchain/bin/../lib/gcc/arm-none-eabi/4.8.4/../../../../arm-none-eabi/lib/armv7e-m/fpu\libnosys.a(sbrk.o)
 .debug_frame   0x00001e78       0x20 c:/freescale/kds_3.0.0/toolchain/bin/../lib/gcc/arm-none-eabi/4.8.4/../../../../arm-none-eabi/lib/armv7e-m/fpu\libnosys.a(_exit.o)

.debug_loc      0x00000000     0x5b5c
 .debug_loc     0x00000000     0x10f2 C:/Freescale/KSDK_1.2.0/lib/ksdk_platform_lib/kds/K64F12/debug/libksdk_platform.a(fsl_uart_hal.o)
 .debug_loc     0x000010f2      0xa5e C:/Freescale/KSDK_1.2.0/lib/ksdk_platform_lib/kds/K64F12/debug/libksdk_platform.a(fsl_gpio_driver.o)
 .debug_loc     0x00001b50      0xdbf C:/Freescale/KSDK_1.2.0/lib/ksdk_platform_lib/kds/K64F12/debug/libksdk_platform.a(fsl_clock_MK64F12.o)
 .debug_loc     0x0000290f      0x871 C:/Freescale/KSDK_1.2.0/lib/ksdk_platform_lib/kds/K64F12/debug/libksdk_platform.a(fsl_clock_manager.o)
 .debug_loc     0x00003180     0x13e2 C:/Freescale/KSDK_1.2.0/lib/ksdk_platform_lib/kds/K64F12/debug/libksdk_platform.a(fsl_sim_hal_MK64F12.o)
 .debug_loc     0x00004562       0x21 C:/Freescale/KSDK_1.2.0/lib/ksdk_platform_lib/kds/K64F12/debug/libksdk_platform.a(fsl_osc_hal.o)
 .debug_loc     0x00004583      0xa72 C:/Freescale/KSDK_1.2.0/lib/ksdk_platform_lib/kds/K64F12/debug/libksdk_platform.a(fsl_mcg_hal.o)
 .debug_loc     0x00004ff5      0xa1c C:/Freescale/KSDK_1.2.0/lib/ksdk_platform_lib/kds/K64F12/debug/libksdk_platform.a(fsl_mcg_hal_modes.o)
 .debug_loc     0x00005a11      0x14b C:/Freescale/KSDK_1.2.0/lib/ksdk_platform_lib/kds/K64F12/debug/libksdk_platform.a(fsl_gpio_hal.o)

.stab           0x00000000       0x9c
 .stab          0x00000000       0x24 c:/freescale/kds_3.0.0/toolchain/bin/../lib/gcc/arm-none-eabi/4.8.4/../../../../arm-none-eabi/lib/armv7e-m/fpu\libnosys.a(close.o)
 .stab          0x00000024       0x18 c:/freescale/kds_3.0.0/toolchain/bin/../lib/gcc/arm-none-eabi/4.8.4/../../../../arm-none-eabi/lib/armv7e-m/fpu\libnosys.a(fstat.o)
                                 0x24 (size before relaxing)
 .stab          0x0000003c       0x18 c:/freescale/kds_3.0.0/toolchain/bin/../lib/gcc/arm-none-eabi/4.8.4/../../../../arm-none-eabi/lib/armv7e-m/fpu\libnosys.a(getpid.o)
                                 0x24 (size before relaxing)
 .stab          0x00000054       0x18 c:/freescale/kds_3.0.0/toolchain/bin/../lib/gcc/arm-none-eabi/4.8.4/../../../../arm-none-eabi/lib/armv7e-m/fpu\libnosys.a(isatty.o)
                                 0x24 (size before relaxing)
 .stab          0x0000006c       0x18 c:/freescale/kds_3.0.0/toolchain/bin/../lib/gcc/arm-none-eabi/4.8.4/../../../../arm-none-eabi/lib/armv7e-m/fpu\libnosys.a(kill.o)
                                 0x24 (size before relaxing)
 .stab          0x00000084       0x18 c:/freescale/kds_3.0.0/toolchain/bin/../lib/gcc/arm-none-eabi/4.8.4/../../../../arm-none-eabi/lib/armv7e-m/fpu\libnosys.a(lseek.o)
                                 0x24 (size before relaxing)

.stabstr        0x00000000      0x14f
 .stabstr       0x00000000      0x14f c:/freescale/kds_3.0.0/toolchain/bin/../lib/gcc/arm-none-eabi/4.8.4/../../../../arm-none-eabi/lib/armv7e-m/fpu\libnosys.a(close.o)